benchmark_trivy_start 2026-04-26T00:52:41Z runs=30
2026-04-26T00:52:42Z alpine_3.19 trivy run1 416ms 3.2MB
2026-04-26T00:52:42Z alpine_3.19 trivy run2 193ms 3.2MB
2026-04-26T00:52:42Z alpine_3.19 trivy run3 185ms 3.2MB
2026-04-26T00:52:43Z alpine_3.19 trivy run4 228ms 3.2MB
2026-04-26T00:52:43Z alpine_3.19 trivy run5 158ms 3.2MB
2026-04-26T00:52:43Z alpine_3.19 trivy run6 172ms 3.2MB
2026-04-26T00:52:43Z alpine_3.19 trivy run7 248ms 3.2MB
2026-04-26T00:52:43Z alpine_3.19 trivy run8 225ms 3.2MB
2026-04-26T00:52:44Z alpine_3.19 trivy run9 165ms 3.2MB
2026-04-26T00:52:44Z alpine_3.19 trivy run10 160ms 3.2MB
2026-04-26T00:52:44Z alpine_3.19 trivy run11 199ms 3.2MB
2026-04-26T00:52:44Z alpine_3.19 trivy run12 160ms 3.2MB
2026-04-26T00:52:44Z alpine_3.19 trivy run13 158ms 3.2MB
2026-04-26T00:52:44Z alpine_3.19 trivy run14 157ms 3.2MB
2026-04-26T00:52:45Z alpine_3.19 trivy run15 171ms 3.2MB
2026-04-26T00:52:45Z alpine_3.19 trivy run16 188ms 3.2MB
2026-04-26T00:52:45Z alpine_3.19 trivy run17 160ms 3.2MB
2026-04-26T00:52:45Z alpine_3.19 trivy run18 157ms 3.2MB
2026-04-26T00:52:45Z alpine_3.19 trivy run19 168ms 3.2MB
2026-04-26T00:52:45Z alpine_3.19 trivy run20 171ms 3.2MB
2026-04-26T00:52:46Z alpine_3.19 trivy run21 171ms 3.2MB
2026-04-26T00:52:46Z alpine_3.19 trivy run22 169ms 3.2MB
2026-04-26T00:52:46Z alpine_3.19 trivy run23 227ms 3.2MB
2026-04-26T00:52:46Z alpine_3.19 trivy run24 181ms 3.2MB
2026-04-26T00:52:46Z alpine_3.19 trivy run25 203ms 3.2MB
2026-04-26T00:52:47Z alpine_3.19 trivy run26 172ms 3.2MB
2026-04-26T00:52:47Z alpine_3.19 trivy run27 179ms 3.2MB
2026-04-26T00:52:47Z alpine_3.19 trivy run28 193ms 3.2MB
2026-04-26T00:52:47Z alpine_3.19 trivy run29 191ms 3.2MB
2026-04-26T00:52:47Z alpine_3.19 trivy run30 155ms 3.2MB
2026-04-26T00:52:49Z nginx_1.19 trivy run1 1212ms 51.2MB
2026-04-26T00:52:49Z nginx_1.19 trivy run2 217ms 51.2MB
2026-04-26T00:52:49Z nginx_1.19 trivy run3 210ms 51.2MB
2026-04-26T00:52:49Z nginx_1.19 trivy run4 207ms 51.2MB
2026-04-26T00:52:50Z nginx_1.19 trivy run5 220ms 51.2MB
2026-04-26T00:52:50Z nginx_1.19 trivy run6 207ms 51.2MB
2026-04-26T00:52:50Z nginx_1.19 trivy run7 213ms 51.2MB
2026-04-26T00:52:50Z nginx_1.19 trivy run8 216ms 51.2MB
2026-04-26T00:52:51Z nginx_1.19 trivy run9 214ms 51.2MB
2026-04-26T00:52:51Z nginx_1.19 trivy run10 231ms 51.2MB
2026-04-26T00:52:51Z nginx_1.19 trivy run11 247ms 51.2MB
2026-04-26T00:52:51Z nginx_1.19 trivy run12 328ms 51.2MB
2026-04-26T00:52:52Z nginx_1.19 trivy run13 279ms 51.2MB
2026-04-26T00:52:52Z nginx_1.19 trivy run14 228ms 51.2MB
2026-04-26T00:52:52Z nginx_1.19 trivy run15 244ms 51.2MB
2026-04-26T00:52:52Z nginx_1.19 trivy run16 226ms 51.2MB
2026-04-26T00:52:53Z nginx_1.19 trivy run17 234ms 51.2MB
2026-04-26T00:52:53Z nginx_1.19 trivy run18 229ms 51.2MB
2026-04-26T00:52:53Z nginx_1.19 trivy run19 218ms 51.2MB
2026-04-26T00:52:53Z nginx_1.19 trivy run20 289ms 51.2MB
2026-04-26T00:52:54Z nginx_1.19 trivy run21 281ms 51.2MB
2026-04-26T00:52:54Z nginx_1.19 trivy run22 221ms 51.2MB
2026-04-26T00:52:54Z nginx_1.19 trivy run23 226ms 51.2MB
2026-04-26T00:52:54Z nginx_1.19 trivy run24 229ms 51.2MB
2026-04-26T00:52:55Z nginx_1.19 trivy run25 226ms 51.2MB
2026-04-26T00:52:55Z nginx_1.19 trivy run26 244ms 51.2MB
2026-04-26T00:52:55Z nginx_1.19 trivy run27 222ms 51.2MB
2026-04-26T00:52:55Z nginx_1.19 trivy run28 230ms 51.2MB
2026-04-26T00:52:55Z nginx_1.19 trivy run29 248ms 51.2MB
2026-04-26T00:52:56Z nginx_1.19 trivy run30 246ms 51.2MB
2026-04-26T00:52:57Z nginx_latest trivy run1 984ms 60.0MB
2026-04-26T00:52:57Z nginx_latest trivy run2 254ms 60.0MB
2026-04-26T00:52:57Z nginx_latest trivy run3 278ms 60.0MB
2026-04-26T00:52:58Z nginx_latest trivy run4 288ms 60.0MB
2026-04-26T00:52:58Z nginx_latest trivy run5 289ms 60.0MB
2026-04-26T00:52:58Z nginx_latest trivy run6 280ms 60.0MB
2026-04-26T00:52:59Z nginx_latest trivy run7 277ms 60.0MB
2026-04-26T00:52:59Z nginx_latest trivy run8 262ms 60.0MB
2026-04-26T00:52:59Z nginx_latest trivy run9 262ms 60.0MB
2026-04-26T00:52:59Z nginx_latest trivy run10 250ms 60.0MB
2026-04-26T00:53:00Z nginx_latest trivy run11 265ms 60.0MB
2026-04-26T00:53:00Z nginx_latest trivy run12 278ms 60.0MB
2026-04-26T00:53:00Z nginx_latest trivy run13 253ms 60.0MB
2026-04-26T00:53:00Z nginx_latest trivy run14 262ms 60.0MB
2026-04-26T00:53:01Z nginx_latest trivy run15 287ms 60.0MB
2026-04-26T00:53:01Z nginx_latest trivy run16 377ms 60.0MB
2026-04-26T00:53:01Z nginx_latest trivy run17 408ms 60.0MB
2026-04-26T00:53:02Z nginx_latest trivy run18 419ms 60.0MB
2026-04-26T00:53:02Z nginx_latest trivy run19 404ms 60.0MB
2026-04-26T00:53:03Z nginx_latest trivy run20 433ms 60.0MB
2026-04-26T00:53:03Z nginx_latest trivy run21 525ms 60.0MB
2026-04-26T00:53:04Z nginx_latest trivy run22 474ms 60.0MB
2026-04-26T00:53:04Z nginx_latest trivy run23 474ms 60.0MB
2026-04-26T00:53:05Z nginx_latest trivy run24 553ms 60.0MB
2026-04-26T00:53:05Z nginx_latest trivy run25 361ms 60.0MB
2026-04-26T00:53:06Z nginx_latest trivy run26 357ms 60.0MB
2026-04-26T00:53:06Z nginx_latest trivy run27 438ms 60.0MB
2026-04-26T00:53:06Z nginx_latest trivy run28 499ms 60.0MB
2026-04-26T00:53:07Z nginx_latest trivy run29 500ms 60.0MB
2026-04-26T00:53:08Z nginx_latest trivy run30 581ms 60.0MB
2026-04-26T00:53:10Z node_14 trivy run1 2089ms 333.3MB
2026-04-26T00:53:11Z node_14 trivy run2 1376ms 333.3MB
2026-04-26T00:53:12Z node_14 trivy run3 794ms 333.3MB
2026-04-26T00:53:13Z node_14 trivy run4 754ms 333.3MB
2026-04-26T00:53:14Z node_14 trivy run5 714ms 333.3MB
2026-04-26T00:53:14Z node_14 trivy run6 756ms 333.3MB
2026-04-26T00:53:15Z node_14 trivy run7 660ms 333.3MB
2026-04-26T00:53:16Z node_14 trivy run8 608ms 333.3MB
2026-04-26T00:53:16Z node_14 trivy run9 540ms 333.3MB
2026-04-26T00:53:17Z node_14 trivy run10 533ms 333.3MB
2026-04-26T00:53:17Z node_14 trivy run11 550ms 333.3MB
2026-04-26T00:53:18Z node_14 trivy run12 521ms 333.3MB
2026-04-26T00:53:18Z node_14 trivy run13 588ms 333.3MB
2026-04-26T00:53:19Z node_14 trivy run14 538ms 333.3MB
2026-04-26T00:53:19Z node_14 trivy run15 515ms 333.3MB
2026-04-26T00:53:20Z node_14 trivy run16 514ms 333.3MB
2026-04-26T00:53:20Z node_14 trivy run17 503ms 333.3MB
2026-04-26T00:53:21Z node_14 trivy run18 529ms 333.3MB
2026-04-26T00:53:22Z node_14 trivy run19 498ms 333.3MB
2026-04-26T00:53:22Z node_14 trivy run20 539ms 333.3MB
2026-04-26T00:53:23Z node_14 trivy run21 529ms 333.3MB
2026-04-26T00:53:23Z node_14 trivy run22 530ms 333.3MB
2026-04-26T00:53:24Z node_14 trivy run23 492ms 333.3MB
2026-04-26T00:53:24Z node_14 trivy run24 535ms 333.3MB
2026-04-26T00:53:25Z node_14 trivy run25 589ms 333.3MB
2026-04-26T00:53:25Z node_14 trivy run26 533ms 333.3MB
2026-04-26T00:53:26Z node_14 trivy run27 548ms 333.3MB
2026-04-26T00:53:26Z node_14 trivy run28 534ms 333.3MB
2026-04-26T00:53:27Z node_14 trivy run29 546ms 333.3MB
2026-04-26T00:53:27Z node_14 trivy run30 552ms 333.3MB
2026-04-26T00:53:31Z node_20 trivy run1 3053ms 379.8MB
2026-04-26T00:53:32Z node_20 trivy run2 770ms 379.8MB
2026-04-26T00:53:32Z node_20 trivy run3 784ms 379.8MB
2026-04-26T00:53:33Z node_20 trivy run4 799ms 379.8MB
2026-04-26T00:53:34Z node_20 trivy run5 750ms 379.8MB
2026-04-26T00:53:35Z node_20 trivy run6 825ms 379.8MB
2026-04-26T00:53:36Z node_20 trivy run7 758ms 379.8MB
2026-04-26T00:53:36Z node_20 trivy run8 791ms 379.8MB
2026-04-26T00:53:37Z node_20 trivy run9 765ms 379.8MB
2026-04-26T00:53:38Z node_20 trivy run10 822ms 379.8MB
2026-04-26T00:53:39Z node_20 trivy run11 754ms 379.8MB
2026-04-26T00:53:39Z node_20 trivy run12 791ms 379.8MB
2026-04-26T00:53:40Z node_20 trivy run13 818ms 379.8MB
2026-04-26T00:53:41Z node_20 trivy run14 817ms 379.8MB
2026-04-26T00:53:42Z node_20 trivy run15 912ms 379.8MB
2026-04-26T00:53:43Z node_20 trivy run16 766ms 379.8MB
2026-04-26T00:53:44Z node_20 trivy run17 832ms 379.8MB
2026-04-26T00:53:44Z node_20 trivy run18 786ms 379.8MB
2026-04-26T00:53:45Z node_20 trivy run19 889ms 379.8MB
2026-04-26T00:53:46Z node_20 trivy run20 803ms 379.8MB
2026-04-26T00:53:47Z node_20 trivy run21 797ms 379.8MB
2026-04-26T00:53:48Z node_20 trivy run22 769ms 379.8MB
2026-04-26T00:53:48Z node_20 trivy run23 781ms 379.8MB
2026-04-26T00:53:49Z node_20 trivy run24 773ms 379.8MB
2026-04-26T00:53:50Z node_20 trivy run25 761ms 379.8MB
2026-04-26T00:53:51Z node_20 trivy run26 848ms 379.8MB
2026-04-26T00:53:52Z node_20 trivy run27 775ms 379.8MB
2026-04-26T00:53:52Z node_20 trivy run28 802ms 379.8MB
2026-04-26T00:53:53Z node_20 trivy run29 922ms 379.8MB
2026-04-26T00:53:54Z node_20 trivy run30 801ms 379.8MB
2026-04-26T00:53:57Z python_3.8 trivy run1 3046ms 356.2MB
2026-04-26T00:53:59Z python_3.8 trivy run2 1393ms 356.2MB
2026-04-26T00:54:00Z python_3.8 trivy run3 1343ms 356.2MB
2026-04-26T00:54:02Z python_3.8 trivy run4 1447ms 356.2MB
2026-04-26T00:54:03Z python_3.8 trivy run5 1560ms 356.2MB
2026-04-26T00:54:05Z python_3.8 trivy run6 1781ms 356.2MB
2026-04-26T00:54:07Z python_3.8 trivy run7 1759ms 356.2MB
2026-04-26T00:54:08Z python_3.8 trivy run8 1717ms 356.2MB
2026-04-26T00:54:10Z python_3.8 trivy run9 1853ms 356.2MB
2026-04-26T00:54:12Z python_3.8 trivy run10 1572ms 356.2MB
2026-04-26T00:54:14Z python_3.8 trivy run11 1988ms 356.2MB
2026-04-26T00:54:16Z python_3.8 trivy run12 1812ms 356.2MB
2026-04-26T00:54:18Z python_3.8 trivy run13 1976ms 356.2MB
2026-04-26T00:54:19Z python_3.8 trivy run14 1665ms 356.2MB
2026-04-26T00:54:21Z python_3.8 trivy run15 1330ms 356.2MB
2026-04-26T00:54:22Z python_3.8 trivy run16 1273ms 356.2MB
2026-04-26T00:54:23Z python_3.8 trivy run17 1338ms 356.2MB
2026-04-26T00:54:25Z python_3.8 trivy run18 1302ms 356.2MB
2026-04-26T00:54:26Z python_3.8 trivy run19 1433ms 356.2MB
2026-04-26T00:54:27Z python_3.8 trivy run20 1283ms 356.2MB
2026-04-26T00:54:29Z python_3.8 trivy run21 1459ms 356.2MB
2026-04-26T00:54:30Z python_3.8 trivy run22 1367ms 356.2MB
2026-04-26T00:54:31Z python_3.8 trivy run23 1291ms 356.2MB
2026-04-26T00:54:33Z python_3.8 trivy run24 1305ms 356.2MB
2026-04-26T00:54:34Z python_3.8 trivy run25 1368ms 356.2MB
2026-04-26T00:54:36Z python_3.8 trivy run26 1383ms 356.2MB
2026-04-26T00:54:37Z python_3.8 trivy run27 1320ms 356.2MB
2026-04-26T00:54:38Z python_3.8 trivy run28 1270ms 356.2MB
2026-04-26T00:54:39Z python_3.8 trivy run29 1278ms 356.2MB
2026-04-26T00:54:41Z python_3.8 trivy run30 1384ms 356.2MB
2026-04-26T00:54:42Z python_3.12 trivy run1 1108ms 391.5MB
2026-04-26T00:54:43Z python_3.12 trivy run2 803ms 391.5MB
2026-04-26T00:54:44Z python_3.12 trivy run3 930ms 391.5MB
2026-04-26T00:54:45Z python_3.12 trivy run4 798ms 391.5MB
2026-04-26T00:54:45Z python_3.12 trivy run5 788ms 391.5MB
2026-04-26T00:54:46Z python_3.12 trivy run6 796ms 391.5MB
2026-04-26T00:54:47Z python_3.12 trivy run7 774ms 391.5MB
2026-04-26T00:54:48Z python_3.12 trivy run8 754ms 391.5MB
2026-04-26T00:54:48Z python_3.12 trivy run9 755ms 391.5MB
2026-04-26T00:54:49Z python_3.12 trivy run10 758ms 391.5MB
2026-04-26T00:54:50Z python_3.12 trivy run11 900ms 391.5MB
2026-04-26T00:54:51Z python_3.12 trivy run12 793ms 391.5MB
2026-04-26T00:54:52Z python_3.12 trivy run13 817ms 391.5MB
2026-04-26T00:54:53Z python_3.12 trivy run14 780ms 391.5MB
2026-04-26T00:54:53Z python_3.12 trivy run15 844ms 391.5MB
2026-04-26T00:54:54Z python_3.12 trivy run16 806ms 391.5MB
2026-04-26T00:54:55Z python_3.12 trivy run17 785ms 391.5MB
2026-04-26T00:54:56Z python_3.12 trivy run18 777ms 391.5MB
2026-04-26T00:54:57Z python_3.12 trivy run19 809ms 391.5MB
2026-04-26T00:54:57Z python_3.12 trivy run20 791ms 391.5MB
2026-04-26T00:54:58Z python_3.12 trivy run21 783ms 391.5MB
2026-04-26T00:54:59Z python_3.12 trivy run22 776ms 391.5MB
2026-04-26T00:55:00Z python_3.12 trivy run23 969ms 391.5MB
2026-04-26T00:55:01Z python_3.12 trivy run24 768ms 391.5MB
2026-04-26T00:55:01Z python_3.12 trivy run25 775ms 391.5MB
2026-04-26T00:55:02Z python_3.12 trivy run26 850ms 391.5MB
2026-04-26T00:55:03Z python_3.12 trivy run27 1040ms 391.5MB
2026-04-26T00:55:05Z python_3.12 trivy run28 1136ms 391.5MB
2026-04-26T00:55:06Z python_3.12 trivy run29 1245ms 391.5MB
2026-04-26T00:55:07Z python_3.12 trivy run30 1121ms 391.5MB
2026-04-26T00:55:08Z vulnerables_web-dvwa trivy run1 1311ms 170.1MB
2026-04-26T00:55:09Z vulnerables_web-dvwa trivy run2 630ms 170.1MB
2026-04-26T00:55:10Z vulnerables_web-dvwa trivy run3 668ms 170.1MB
2026-04-26T00:55:10Z vulnerables_web-dvwa trivy run4 615ms 170.1MB
2026-04-26T00:55:11Z vulnerables_web-dvwa trivy run5 721ms 170.1MB
2026-04-26T00:55:12Z vulnerables_web-dvwa trivy run6 699ms 170.1MB
2026-04-26T00:55:12Z vulnerables_web-dvwa trivy run7 634ms 170.1MB
2026-04-26T00:55:13Z vulnerables_web-dvwa trivy run8 605ms 170.1MB
2026-04-26T00:55:14Z vulnerables_web-dvwa trivy run9 581ms 170.1MB
2026-04-26T00:55:14Z vulnerables_web-dvwa trivy run10 649ms 170.1MB
2026-04-26T00:55:15Z vulnerables_web-dvwa trivy run11 749ms 170.1MB
2026-04-26T00:55:16Z vulnerables_web-dvwa trivy run12 695ms 170.1MB
2026-04-26T00:55:16Z vulnerables_web-dvwa trivy run13 567ms 170.1MB
2026-04-26T00:55:17Z vulnerables_web-dvwa trivy run14 608ms 170.1MB
2026-04-26T00:55:18Z vulnerables_web-dvwa trivy run15 693ms 170.1MB
2026-04-26T00:55:18Z vulnerables_web-dvwa trivy run16 710ms 170.1MB
2026-04-26T00:55:19Z vulnerables_web-dvwa trivy run17 650ms 170.1MB
2026-04-26T00:55:20Z vulnerables_web-dvwa trivy run18 615ms 170.1MB
2026-04-26T00:55:20Z vulnerables_web-dvwa trivy run19 566ms 170.1MB
2026-04-26T00:55:21Z vulnerables_web-dvwa trivy run20 523ms 170.1MB
2026-04-26T00:55:21Z vulnerables_web-dvwa trivy run21 423ms 170.1MB
2026-04-26T00:55:22Z vulnerables_web-dvwa trivy run22 474ms 170.1MB
2026-04-26T00:55:22Z vulnerables_web-dvwa trivy run23 459ms 170.1MB
2026-04-26T00:55:23Z vulnerables_web-dvwa trivy run24 419ms 170.1MB
2026-04-26T00:55:23Z vulnerables_web-dvwa trivy run25 449ms 170.1MB
2026-04-26T00:55:23Z vulnerables_web-dvwa trivy run26 442ms 170.1MB
2026-04-26T00:55:24Z vulnerables_web-dvwa trivy run27 411ms 170.1MB
2026-04-26T00:55:24Z vulnerables_web-dvwa trivy run28 421ms 170.1MB
2026-04-26T00:55:25Z vulnerables_web-dvwa trivy run29 434ms 170.1MB
2026-04-26T00:55:25Z vulnerables_web-dvwa trivy run30 486ms 170.1MB
2026-04-26T00:55:26Z bkimminich_juice-shop trivy run1 656ms 170.8MB
2026-04-26T00:55:26Z bkimminich_juice-shop trivy run2 438ms 170.8MB
2026-04-26T00:55:27Z bkimminich_juice-shop trivy run3 332ms 170.8MB
2026-04-26T00:55:27Z bkimminich_juice-shop trivy run4 310ms 170.8MB
2026-04-26T00:55:27Z bkimminich_juice-shop trivy run5 344ms 170.8MB
2026-04-26T00:55:28Z bkimminich_juice-shop trivy run6 334ms 170.8MB
2026-04-26T00:55:28Z bkimminich_juice-shop trivy run7 323ms 170.8MB
2026-04-26T00:55:28Z bkimminich_juice-shop trivy run8 330ms 170.8MB
2026-04-26T00:55:29Z bkimminich_juice-shop trivy run9 355ms 170.8MB
2026-04-26T00:55:29Z bkimminich_juice-shop trivy run10 336ms 170.8MB
2026-04-26T00:55:29Z bkimminich_juice-shop trivy run11 351ms 170.8MB
2026-04-26T00:55:30Z bkimminich_juice-shop trivy run12 349ms 170.8MB
2026-04-26T00:55:30Z bkimminich_juice-shop trivy run13 416ms 170.8MB
2026-04-26T00:55:31Z bkimminich_juice-shop trivy run14 352ms 170.8MB
2026-04-26T00:55:31Z bkimminich_juice-shop trivy run15 361ms 170.8MB
2026-04-26T00:55:31Z bkimminich_juice-shop trivy run16 338ms 170.8MB
2026-04-26T00:55:32Z bkimminich_juice-shop trivy run17 334ms 170.8MB
2026-04-26T00:55:32Z bkimminich_juice-shop trivy run18 348ms 170.8MB
2026-04-26T00:55:32Z bkimminich_juice-shop trivy run19 332ms 170.8MB
2026-04-26T00:55:33Z bkimminich_juice-shop trivy run20 320ms 170.8MB
2026-04-26T00:55:33Z bkimminich_juice-shop trivy run21 333ms 170.8MB
2026-04-26T00:55:33Z bkimminich_juice-shop trivy run22 361ms 170.8MB
2026-04-26T00:55:34Z bkimminich_juice-shop trivy run23 337ms 170.8MB
2026-04-26T00:55:34Z bkimminich_juice-shop trivy run24 335ms 170.8MB
2026-04-26T00:55:34Z bkimminich_juice-shop trivy run25 326ms 170.8MB
2026-04-26T00:55:35Z bkimminich_juice-shop trivy run26 338ms 170.8MB
2026-04-26T00:55:35Z bkimminich_juice-shop trivy run27 346ms 170.8MB
2026-04-26T00:55:35Z bkimminich_juice-shop trivy run28 321ms 170.8MB
2026-04-26T00:55:36Z bkimminich_juice-shop trivy run29 334ms 170.8MB
2026-04-26T00:55:36Z bkimminich_juice-shop trivy run30 314ms 170.8MB
benchmark_trivy_end 2026-04-26T00:55:36Z
