benchmark_start 2026-04-04T05:35:45Z runs=3
2026-04-04T05:35:51Z alpine_3.19 trivy run1 5365ms 7.0MB
2026-04-04T05:36:24Z alpine_3.19 grype run1 33309ms 7.0MB
2026-04-04T05:36:27Z alpine_3.19 osv run1 2461ms 7.0MB
2026-04-04T05:36:27Z alpine_3.19 trivy run2 56ms 7.0MB
2026-04-04T05:36:28Z alpine_3.19 grype run2 1459ms 7.0MB
2026-04-04T05:36:30Z alpine_3.19 osv run2 1913ms 7.0MB
2026-04-04T05:36:30Z alpine_3.19 trivy run3 56ms 7.0MB
2026-04-04T05:36:32Z alpine_3.19 grype run3 1442ms 7.0MB
2026-04-04T05:36:33Z alpine_3.19 osv run3 1326ms 7.0MB
2026-04-04T05:36:33Z nginx_1.19 trivy run1 93ms 126.9MB
2026-04-04T05:36:36Z nginx_1.19 grype run1 3153ms 126.9MB
2026-04-04T05:36:41Z nginx_1.19 osv run1 4961ms 126.9MB
2026-04-04T05:36:41Z nginx_1.19 trivy run2 91ms 126.9MB
2026-04-04T05:36:44Z nginx_1.19 grype run2 3135ms 126.9MB
2026-04-04T05:36:52Z nginx_1.19 osv run2 7297ms 126.9MB
2026-04-04T05:36:52Z nginx_1.19 trivy run3 96ms 126.9MB
2026-04-04T05:36:55Z nginx_1.19 grype run3 3121ms 126.9MB
2026-04-04T05:36:59Z nginx_1.19 osv run3 3728ms 126.9MB
2026-04-04T05:36:59Z nginx_latest trivy run1 90ms 153.4MB
2026-04-04T05:37:02Z nginx_latest grype run1 3039ms 153.4MB
2026-04-04T05:37:06Z nginx_latest osv run1 4500ms 153.4MB
2026-04-04T05:37:06Z nginx_latest trivy run2 91ms 153.4MB
2026-04-04T05:37:09Z nginx_latest grype run2 3010ms 153.4MB
2026-04-04T05:37:13Z nginx_latest osv run2 4162ms 153.4MB
2026-04-04T05:37:14Z nginx_latest trivy run3 90ms 153.4MB
2026-04-04T05:37:17Z nginx_latest grype run3 2999ms 153.4MB
2026-04-04T05:37:21Z nginx_latest osv run3 4188ms 153.4MB
2026-04-04T05:37:21Z node_14 trivy run1 231ms 869.5MB
2026-04-04T05:37:41Z node_14 grype run1 19701ms 869.5MB
2026-04-04T05:37:56Z node_14 osv run1 15216ms 869.5MB
2026-04-04T05:37:56Z node_14 trivy run2 232ms 869.5MB
2026-04-04T05:38:13Z node_14 grype run2 16794ms 869.5MB
2026-04-04T05:38:27Z node_14 osv run2 14481ms 869.5MB
2026-04-04T05:38:28Z node_14 trivy run3 229ms 869.5MB
2026-04-04T05:38:44Z node_14 grype run3 16833ms 869.5MB
2026-04-04T05:39:05Z node_14 osv run3 20145ms 869.5MB
2026-04-04T05:39:05Z node_20 trivy run1 345ms 1044.6MB
2026-04-04T05:39:23Z node_20 grype run1 18064ms 1044.6MB
2026-04-04T05:39:49Z node_20 osv run1 26121ms 1044.6MB
2026-04-04T05:39:50Z node_20 trivy run2 347ms 1044.6MB
2026-04-04T05:40:08Z node_20 grype run2 18800ms 1044.6MB
2026-04-04T05:40:31Z node_20 osv run2 22967ms 1044.6MB
2026-04-04T05:40:32Z node_20 trivy run3 347ms 1044.6MB
2026-04-04T05:40:51Z node_20 grype run3 18955ms 1044.6MB
2026-04-04T05:41:18Z node_20 osv run3 27431ms 1044.6MB
2026-04-04T05:41:19Z python_3.8 trivy run1 571ms 949.2MB
2026-04-04T05:41:38Z python_3.8 grype run1 19032ms 949.2MB
2026-04-04T05:41:58Z python_3.8 osv run1 20552ms 949.2MB
2026-04-04T05:41:59Z python_3.8 trivy run2 560ms 949.2MB
2026-04-04T05:42:17Z python_3.8 grype run2 17969ms 949.2MB
2026-04-04T05:42:39Z python_3.8 osv run2 22684ms 949.2MB
2026-04-04T05:42:40Z python_3.8 trivy run3 542ms 949.2MB
2026-04-04T05:42:58Z python_3.8 grype run3 17752ms 949.2MB
2026-04-04T05:43:23Z python_3.8 osv run3 24890ms 949.2MB
2026-04-04T05:43:23Z python_3.12 trivy run1 317ms 1055.6MB
2026-04-04T05:43:39Z python_3.12 grype run1 15624ms 1055.6MB
2026-04-04T05:44:05Z python_3.12 osv run1 26107ms 1055.6MB
2026-04-04T05:44:05Z python_3.12 trivy run2 316ms 1055.6MB
2026-04-04T05:44:21Z python_3.12 grype run2 15629ms 1055.6MB
2026-04-04T05:44:45Z python_3.12 osv run2 24693ms 1055.6MB
2026-04-04T05:44:46Z python_3.12 trivy run3 313ms 1055.6MB
2026-04-04T05:45:01Z python_3.12 grype run3 15640ms 1055.6MB
2026-04-04T05:45:24Z python_3.12 osv run3 23030ms 1055.6MB
2026-04-04T05:45:25Z vulnerables_web-dvwa trivy run1 180ms 678.8MB
2026-04-04T05:45:35Z vulnerables_web-dvwa grype run1 10691ms 678.8MB
2026-04-04T05:45:46Z vulnerables_web-dvwa osv run1 11120ms 678.8MB
2026-04-04T05:45:47Z vulnerables_web-dvwa trivy run2 183ms 678.8MB
2026-04-04T05:45:57Z vulnerables_web-dvwa grype run2 10674ms 678.8MB
2026-04-04T05:46:08Z vulnerables_web-dvwa osv run2 11298ms 678.8MB
2026-04-04T05:46:09Z vulnerables_web-dvwa trivy run3 189ms 678.8MB
2026-04-04T05:46:21Z vulnerables_web-dvwa grype run3 12109ms 678.8MB
2026-04-04T05:46:31Z vulnerables_web-dvwa osv run3 10078ms 678.8MB
2026-04-04T05:46:31Z bkimminich_juice-shop trivy run1 105ms 467.2MB
2026-04-04T05:46:43Z bkimminich_juice-shop grype run1 12250ms 467.2MB
2026-04-04T05:46:57Z bkimminich_juice-shop osv run1 13818ms 467.2MB
2026-04-04T05:46:57Z bkimminich_juice-shop trivy run2 106ms 467.2MB
2026-04-04T06:07:14Z bkimminich_juice-shop trivy run2 110ms 467.2MB
2026-04-04T06:07:24Z bkimminich_juice-shop grype run2 10034ms 467.2MB
2026-04-04T06:07:36Z bkimminich_juice-shop osv run2 11956ms 467.2MB
2026-04-04T06:07:36Z bkimminich_juice-shop trivy run3 120ms 467.2MB
2026-04-04T06:07:48Z bkimminich_juice-shop grype run3 12045ms 467.2MB
2026-04-04T06:08:00Z bkimminich_juice-shop osv run3 11876ms 467.2MB
benchmark_end 2026-04-04T06:08:00Z
benchmark_start 2026-04-25T15:36:24Z runs=30
benchmark_start 2026-04-25T15:36:31Z runs=30
benchmark_start 2026-04-25T15:53:54Z runs=30
2026-04-25T15:54:10Z alpine_3.19 trivy run1 15206ms 3.2MB
2026-04-25T15:55:30Z alpine_3.19 grype run1 80298ms 3.2MB
2026-04-25T15:55:37Z alpine_3.19 osv run1 6987ms 3.2MB
2026-04-25T15:55:38Z alpine_3.19 trivy run2 640ms 3.2MB
2026-04-25T15:55:44Z alpine_3.19 grype run2 6332ms 3.2MB
2026-04-25T15:55:47Z alpine_3.19 osv run2 2854ms 3.2MB
2026-04-25T15:55:47Z alpine_3.19 trivy run3 192ms 3.2MB
2026-04-25T15:55:52Z alpine_3.19 grype run3 5046ms 3.2MB
2026-04-25T15:55:55Z alpine_3.19 osv run3 2560ms 3.2MB
2026-04-25T15:55:55Z alpine_3.19 trivy run4 172ms 3.2MB
2026-04-25T15:56:00Z alpine_3.19 grype run4 5053ms 3.2MB
2026-04-25T15:56:02Z alpine_3.19 osv run4 2219ms 3.2MB
2026-04-25T15:56:03Z alpine_3.19 trivy run5 251ms 3.2MB
2026-04-25T15:56:10Z alpine_3.19 grype run5 7355ms 3.2MB
2026-04-25T15:56:13Z alpine_3.19 osv run5 2777ms 3.2MB
2026-04-25T15:56:13Z alpine_3.19 trivy run6 511ms 3.2MB
2026-04-25T15:56:21Z alpine_3.19 grype run6 7944ms 3.2MB
2026-04-25T15:56:23Z alpine_3.19 osv run6 2159ms 3.2MB
2026-04-25T15:56:24Z alpine_3.19 trivy run7 215ms 3.2MB
2026-04-25T15:56:29Z alpine_3.19 grype run7 5122ms 3.2MB
2026-04-25T15:56:31Z alpine_3.19 osv run7 2218ms 3.2MB
2026-04-25T15:56:31Z alpine_3.19 trivy run8 205ms 3.2MB
2026-04-25T15:56:37Z alpine_3.19 grype run8 5452ms 3.2MB
2026-04-25T15:56:39Z alpine_3.19 osv run8 2278ms 3.2MB
2026-04-25T15:56:39Z alpine_3.19 trivy run9 418ms 3.2MB
2026-04-25T15:56:43Z alpine_3.19 grype run9 3698ms 3.2MB
2026-04-25T15:56:45Z alpine_3.19 osv run9 2317ms 3.2MB
2026-04-25T15:56:45Z alpine_3.19 trivy run10 198ms 3.2MB
2026-04-25T15:56:49Z alpine_3.19 grype run10 3785ms 3.2MB
2026-04-25T15:56:52Z alpine_3.19 osv run10 2258ms 3.2MB
2026-04-25T15:56:52Z alpine_3.19 trivy run11 176ms 3.2MB
2026-04-25T15:56:55Z alpine_3.19 grype run11 3404ms 3.2MB
2026-04-25T15:56:57Z alpine_3.19 osv run11 2267ms 3.2MB
2026-04-25T15:56:58Z alpine_3.19 trivy run12 178ms 3.2MB
2026-04-25T15:57:01Z alpine_3.19 grype run12 3688ms 3.2MB
2026-04-25T15:57:03Z alpine_3.19 osv run12 2104ms 3.2MB
2026-04-25T15:57:04Z alpine_3.19 trivy run13 189ms 3.2MB
2026-04-25T15:57:07Z alpine_3.19 grype run13 3624ms 3.2MB
2026-04-25T15:57:09Z alpine_3.19 osv run13 2318ms 3.2MB
2026-04-25T15:57:10Z alpine_3.19 trivy run14 366ms 3.2MB
2026-04-25T15:57:15Z alpine_3.19 grype run14 5191ms 3.2MB
2026-04-25T15:57:18Z alpine_3.19 osv run14 2573ms 3.2MB
2026-04-25T15:57:18Z alpine_3.19 trivy run15 252ms 3.2MB
2026-04-25T15:57:23Z alpine_3.19 grype run15 4909ms 3.2MB
2026-04-25T15:57:25Z alpine_3.19 osv run15 2042ms 3.2MB
2026-04-25T15:57:25Z alpine_3.19 trivy run16 206ms 3.2MB
2026-04-25T15:57:29Z alpine_3.19 grype run16 3547ms 3.2MB
2026-04-25T15:57:31Z alpine_3.19 osv run16 1986ms 3.2MB
2026-04-25T15:57:31Z alpine_3.19 trivy run17 236ms 3.2MB
2026-04-25T15:57:35Z alpine_3.19 grype run17 3639ms 3.2MB
2026-04-25T15:57:37Z alpine_3.19 osv run17 2842ms 3.2MB
2026-04-25T15:57:38Z alpine_3.19 trivy run18 183ms 3.2MB
2026-04-25T15:57:41Z alpine_3.19 grype run18 3522ms 3.2MB
2026-04-25T15:57:43Z alpine_3.19 osv run18 2219ms 3.2MB
2026-04-25T15:57:43Z alpine_3.19 trivy run19 182ms 3.2MB
2026-04-25T15:57:47Z alpine_3.19 grype run19 3512ms 3.2MB
2026-04-25T15:57:50Z alpine_3.19 osv run19 2717ms 3.2MB
2026-04-25T15:57:50Z alpine_3.19 trivy run20 166ms 3.2MB
2026-04-25T15:57:54Z alpine_3.19 grype run20 3942ms 3.2MB
2026-04-25T15:57:57Z alpine_3.19 osv run20 2686ms 3.2MB
2026-04-25T15:57:57Z alpine_3.19 trivy run21 194ms 3.2MB
2026-04-25T15:58:00Z alpine_3.19 grype run21 3529ms 3.2MB
2026-04-25T15:58:03Z alpine_3.19 osv run21 2523ms 3.2MB
2026-04-25T15:58:03Z alpine_3.19 trivy run22 165ms 3.2MB
2026-04-25T15:58:06Z alpine_3.19 grype run22 3395ms 3.2MB
2026-04-25T15:58:09Z alpine_3.19 osv run22 2284ms 3.2MB
2026-04-25T15:58:09Z alpine_3.19 trivy run23 257ms 3.2MB
2026-04-25T15:58:14Z alpine_3.19 grype run23 5209ms 3.2MB
2026-04-25T15:58:17Z alpine_3.19 osv run23 2611ms 3.2MB
2026-04-25T15:58:17Z alpine_3.19 trivy run24 349ms 3.2MB
2026-04-25T15:58:22Z alpine_3.19 grype run24 4806ms 3.2MB
2026-04-25T15:58:24Z alpine_3.19 osv run24 2257ms 3.2MB
2026-04-25T15:58:24Z alpine_3.19 trivy run25 176ms 3.2MB
2026-04-25T15:58:28Z alpine_3.19 grype run25 3493ms 3.2MB
2026-04-25T15:58:30Z alpine_3.19 osv run25 2236ms 3.2MB
2026-04-25T15:58:30Z alpine_3.19 trivy run26 163ms 3.2MB
2026-04-25T15:58:34Z alpine_3.19 grype run26 3484ms 3.2MB
2026-04-25T15:58:36Z alpine_3.19 osv run26 1974ms 3.2MB
2026-04-25T15:58:36Z alpine_3.19 trivy run27 178ms 3.2MB
2026-04-25T15:58:40Z alpine_3.19 grype run27 3932ms 3.2MB
2026-04-25T15:58:42Z alpine_3.19 osv run27 2141ms 3.2MB
2026-04-25T15:58:42Z alpine_3.19 trivy run28 175ms 3.2MB
2026-04-25T15:58:46Z alpine_3.19 grype run28 3504ms 3.2MB
2026-04-25T15:58:48Z alpine_3.19 osv run28 2305ms 3.2MB
2026-04-25T15:58:48Z alpine_3.19 trivy run29 192ms 3.2MB
2026-04-25T15:58:52Z alpine_3.19 grype run29 3529ms 3.2MB
2026-04-25T15:58:54Z alpine_3.19 osv run29 1989ms 3.2MB
2026-04-25T15:58:54Z alpine_3.19 trivy run30 174ms 3.2MB
2026-04-25T15:58:57Z alpine_3.19 grype run30 3505ms 3.2MB
2026-04-25T15:59:00Z alpine_3.19 osv run30 2224ms 3.2MB
2026-04-25T15:59:55Z nginx_1.19 trivy run1 54955ms 51.2MB
2026-04-25T16:00:18Z nginx_1.19 grype run1 22768ms 51.2MB
2026-04-25T16:00:38Z nginx_1.19 osv run1 20355ms 51.2MB
2026-04-25T16:00:39Z nginx_1.19 trivy run2 1589ms 51.2MB
2026-04-25T16:00:52Z nginx_1.19 grype run2 12536ms 51.2MB
2026-04-25T16:01:05Z nginx_1.19 osv run2 13458ms 51.2MB
2026-04-25T16:01:06Z nginx_1.19 trivy run3 731ms 51.2MB
2026-04-25T16:01:21Z nginx_1.19 grype run3 15001ms 51.2MB
2026-04-25T16:01:35Z nginx_1.19 osv run3 13463ms 51.2MB
2026-04-25T16:01:35Z nginx_1.19 trivy run4 296ms 51.2MB
2026-04-25T16:01:48Z nginx_1.19 grype run4 12813ms 51.2MB
2026-04-25T16:02:01Z nginx_1.19 osv run4 13666ms 51.2MB
2026-04-25T16:02:02Z nginx_1.19 trivy run5 492ms 51.2MB
2026-04-25T16:02:17Z nginx_1.19 grype run5 15017ms 51.2MB
2026-04-25T16:02:31Z nginx_1.19 osv run5 13513ms 51.2MB
2026-04-25T16:02:31Z nginx_1.19 trivy run6 909ms 51.2MB
2026-04-25T16:02:44Z nginx_1.19 grype run6 12501ms 51.2MB
2026-04-25T16:02:56Z nginx_1.19 osv run6 12425ms 51.2MB
2026-04-25T16:02:57Z nginx_1.19 trivy run7 953ms 51.2MB
2026-04-25T16:03:12Z nginx_1.19 grype run7 14612ms 51.2MB
2026-04-25T16:03:29Z nginx_1.19 osv run7 16728ms 51.2MB
2026-04-25T16:03:29Z nginx_1.19 trivy run8 317ms 51.2MB
2026-04-25T16:03:41Z nginx_1.19 grype run8 12095ms 51.2MB
2026-04-25T16:03:54Z nginx_1.19 osv run8 12628ms 51.2MB
2026-04-25T16:03:54Z nginx_1.19 trivy run9 426ms 51.2MB
2026-04-25T16:04:07Z nginx_1.19 grype run9 12551ms 51.2MB
2026-04-25T16:04:23Z nginx_1.19 osv run9 16458ms 51.2MB
2026-04-25T16:04:24Z nginx_1.19 trivy run10 660ms 51.2MB
2026-04-25T16:04:36Z nginx_1.19 grype run10 11948ms 51.2MB
2026-04-25T16:04:48Z nginx_1.19 osv run10 12618ms 51.2MB
2026-04-25T16:04:49Z nginx_1.19 trivy run11 450ms 51.2MB
2026-04-25T16:05:01Z nginx_1.19 grype run11 12154ms 51.2MB
2026-04-25T16:05:17Z nginx_1.19 osv run11 15756ms 51.2MB
2026-04-25T16:05:17Z nginx_1.19 trivy run12 513ms 51.2MB
2026-04-25T16:05:30Z nginx_1.19 grype run12 12484ms 51.2MB
2026-04-25T16:05:42Z nginx_1.19 osv run12 12538ms 51.2MB
2026-04-25T16:05:43Z nginx_1.19 trivy run13 252ms 51.2MB
2026-04-25T16:05:55Z nginx_1.19 grype run13 11943ms 51.2MB
2026-04-25T16:06:07Z nginx_1.19 osv run13 12858ms 51.2MB
2026-04-25T16:06:08Z nginx_1.19 trivy run14 460ms 51.2MB
2026-04-25T16:06:24Z nginx_1.19 grype run14 16099ms 51.2MB
2026-04-25T16:06:37Z nginx_1.19 osv run14 12713ms 51.2MB
2026-04-25T16:06:37Z nginx_1.19 trivy run15 422ms 51.2MB
2026-04-25T16:06:50Z nginx_1.19 grype run15 12771ms 51.2MB
2026-04-25T16:07:04Z nginx_1.19 osv run15 13668ms 51.2MB
2026-04-25T16:07:04Z nginx_1.19 trivy run16 357ms 51.2MB
2026-04-25T16:07:18Z nginx_1.19 grype run16 14485ms 51.2MB
2026-04-25T16:07:33Z nginx_1.19 osv run16 14428ms 51.2MB
2026-04-25T16:07:33Z nginx_1.19 trivy run17 382ms 51.2MB
2026-04-25T16:07:46Z nginx_1.19 grype run17 12388ms 51.2MB
2026-04-25T16:07:59Z nginx_1.19 osv run17 13527ms 51.2MB
2026-04-25T16:07:59Z nginx_1.19 trivy run18 295ms 51.2MB
2026-04-25T16:08:15Z nginx_1.19 grype run18 15387ms 51.2MB
2026-04-25T16:08:28Z nginx_1.19 osv run18 13510ms 51.2MB
2026-04-25T16:08:29Z nginx_1.19 trivy run19 426ms 51.2MB
2026-04-25T16:08:42Z nginx_1.19 grype run19 12688ms 51.2MB
2026-04-25T16:08:55Z nginx_1.19 osv run19 13486ms 51.2MB
2026-04-25T16:08:55Z nginx_1.19 trivy run20 297ms 51.2MB
2026-04-25T16:09:10Z nginx_1.19 grype run20 14374ms 51.2MB
2026-04-25T16:09:26Z nginx_1.19 osv run20 16142ms 51.2MB
2026-04-25T16:09:26Z nginx_1.19 trivy run21 370ms 51.2MB
2026-04-25T16:09:38Z nginx_1.19 grype run21 11818ms 51.2MB
2026-04-25T16:09:52Z nginx_1.19 osv run21 14461ms 51.2MB
2026-04-25T16:09:53Z nginx_1.19 trivy run22 279ms 51.2MB
2026-04-25T16:10:05Z nginx_1.19 grype run22 11899ms 51.2MB
2026-04-25T16:10:24Z nginx_1.19 osv run22 19100ms 51.2MB
2026-04-25T16:10:24Z nginx_1.19 trivy run23 236ms 51.2MB
2026-04-25T16:10:36Z nginx_1.19 grype run23 11746ms 51.2MB
2026-04-25T16:10:49Z nginx_1.19 osv run23 13005ms 51.2MB
2026-04-25T16:10:49Z nginx_1.19 trivy run24 319ms 51.2MB
2026-04-25T16:11:02Z nginx_1.19 grype run24 12850ms 51.2MB
2026-04-25T16:11:19Z nginx_1.19 osv run24 16847ms 51.2MB
2026-04-25T16:11:19Z nginx_1.19 trivy run25 370ms 51.2MB
2026-04-25T16:11:32Z nginx_1.19 grype run25 12877ms 51.2MB
2026-04-25T16:11:45Z nginx_1.19 osv run25 12602ms 51.2MB
2026-04-25T16:11:45Z nginx_1.19 trivy run26 564ms 51.2MB
2026-04-25T16:11:58Z nginx_1.19 grype run26 13133ms 51.2MB
2026-04-25T16:12:14Z nginx_1.19 osv run26 15237ms 51.2MB
2026-04-25T16:12:15Z nginx_1.19 trivy run27 992ms 51.2MB
2026-04-25T16:12:28Z nginx_1.19 grype run27 13275ms 51.2MB
2026-04-25T16:12:41Z nginx_1.19 osv run27 13189ms 51.2MB
2026-04-25T16:12:42Z nginx_1.19 trivy run28 488ms 51.2MB
2026-04-25T16:12:54Z nginx_1.19 grype run28 12515ms 51.2MB
2026-04-25T16:13:08Z nginx_1.19 osv run28 14289ms 51.2MB
2026-04-25T16:13:09Z nginx_1.19 trivy run29 910ms 51.2MB
2026-04-25T16:13:24Z nginx_1.19 grype run29 14880ms 51.2MB
2026-04-25T16:13:39Z nginx_1.19 osv run29 14504ms 51.2MB
2026-04-25T16:13:39Z nginx_1.19 trivy run30 261ms 51.2MB
2026-04-25T16:13:52Z nginx_1.19 grype run30 12590ms 51.2MB
2026-04-25T16:14:05Z nginx_1.19 osv run30 12957ms 51.2MB
2026-04-25T16:14:14Z nginx_latest trivy run1 9279ms 60.0MB
2026-04-25T16:14:28Z nginx_latest grype run1 14239ms 60.0MB
2026-04-25T16:14:56Z nginx_latest osv run1 27930ms 60.0MB
2026-04-25T16:14:59Z nginx_latest trivy run2 2564ms 60.0MB
2026-04-25T16:15:19Z nginx_latest grype run2 20179ms 60.0MB
2026-04-25T16:15:37Z nginx_latest osv run2 17803ms 60.0MB
2026-04-25T16:15:38Z nginx_latest trivy run3 894ms 60.0MB
2026-04-25T16:15:52Z nginx_latest grype run3 13840ms 60.0MB
2026-04-25T16:16:09Z nginx_latest osv run3 17388ms 60.0MB
2026-04-25T16:16:11Z nginx_latest trivy run4 1722ms 60.0MB
2026-04-25T16:16:29Z nginx_latest grype run4 18162ms 60.0MB
2026-04-25T16:16:45Z nginx_latest osv run4 15507ms 60.0MB
2026-04-25T16:16:45Z nginx_latest trivy run5 556ms 60.0MB
2026-04-25T16:16:59Z nginx_latest grype run5 13602ms 60.0MB
2026-04-25T16:17:17Z nginx_latest osv run5 17921ms 60.0MB
2026-04-25T16:17:18Z nginx_latest trivy run6 726ms 60.0MB
2026-04-25T16:17:32Z nginx_latest grype run6 14356ms 60.0MB
2026-04-25T16:17:48Z nginx_latest osv run6 15995ms 60.0MB
2026-04-25T16:17:48Z nginx_latest trivy run7 411ms 60.0MB
2026-04-25T16:18:02Z nginx_latest grype run7 13606ms 60.0MB
2026-04-25T16:18:22Z nginx_latest osv run7 20281ms 60.0MB
2026-04-25T16:18:22Z nginx_latest trivy run8 292ms 60.0MB
2026-04-25T16:18:36Z nginx_latest grype run8 13514ms 60.0MB
2026-04-25T16:18:52Z nginx_latest osv run8 16351ms 60.0MB
2026-04-25T16:18:53Z nginx_latest trivy run9 635ms 60.0MB
2026-04-25T16:19:08Z nginx_latest grype run9 15095ms 60.0MB
2026-04-25T16:19:27Z nginx_latest osv run9 18932ms 60.0MB
2026-04-25T16:19:27Z nginx_latest trivy run10 269ms 60.0MB
2026-04-25T16:19:41Z nginx_latest grype run10 13497ms 60.0MB
2026-04-25T16:19:59Z nginx_latest osv run10 17774ms 60.0MB
2026-04-25T16:19:59Z nginx_latest trivy run11 381ms 60.0MB
2026-04-25T16:20:16Z nginx_latest grype run11 17441ms 60.0MB
2026-04-25T16:20:36Z nginx_latest osv run11 19422ms 60.0MB
2026-04-25T16:20:36Z nginx_latest trivy run12 290ms 60.0MB
2026-04-25T16:20:49Z nginx_latest grype run12 13243ms 60.0MB
2026-04-25T16:21:05Z nginx_latest osv run12 16021ms 60.0MB
2026-04-25T16:21:06Z nginx_latest trivy run13 438ms 60.0MB
2026-04-25T16:21:24Z nginx_latest grype run13 17847ms 60.0MB
2026-04-25T16:21:40Z nginx_latest osv run13 15955ms 60.0MB
2026-04-25T16:21:40Z nginx_latest trivy run14 715ms 60.0MB
2026-04-25T16:21:54Z nginx_latest grype run14 13619ms 60.0MB
2026-04-25T16:22:12Z nginx_latest osv run14 17979ms 60.0MB
2026-04-25T16:22:13Z nginx_latest trivy run15 726ms 60.0MB
2026-04-25T16:22:30Z nginx_latest grype run15 17354ms 60.0MB
2026-04-25T16:22:47Z nginx_latest osv run15 16849ms 60.0MB
2026-04-25T16:22:47Z nginx_latest trivy run16 346ms 60.0MB
2026-04-25T16:23:01Z nginx_latest grype run16 13373ms 60.0MB
2026-04-25T16:23:20Z nginx_latest osv run16 19640ms 60.0MB
2026-04-25T16:23:21Z nginx_latest trivy run17 336ms 60.0MB
2026-04-25T16:23:34Z nginx_latest grype run17 13767ms 60.0MB
2026-04-25T16:23:51Z nginx_latest osv run17 16224ms 60.0MB
2026-04-25T16:23:51Z nginx_latest trivy run18 789ms 60.0MB
2026-04-25T16:24:06Z nginx_latest grype run18 14335ms 60.0MB
2026-04-25T16:24:26Z nginx_latest osv run18 19935ms 60.0MB
2026-04-25T16:24:26Z nginx_latest trivy run19 475ms 60.0MB
2026-04-25T16:24:40Z nginx_latest grype run19 13423ms 60.0MB
2026-04-25T16:24:57Z nginx_latest osv run19 16917ms 60.0MB
2026-04-25T16:24:57Z nginx_latest trivy run20 605ms 60.0MB
2026-04-25T16:25:15Z nginx_latest grype run20 18082ms 60.0MB
2026-04-25T16:25:32Z nginx_latest osv run20 16859ms 60.0MB
2026-04-25T16:25:33Z nginx_latest trivy run21 606ms 60.0MB
2026-04-25T16:25:47Z nginx_latest grype run21 13817ms 60.0MB
2026-04-25T16:26:03Z nginx_latest osv run21 16793ms 60.0MB
2026-04-25T16:26:04Z nginx_latest trivy run22 402ms 60.0MB
2026-04-25T16:26:21Z nginx_latest grype run22 17652ms 60.0MB
2026-04-25T16:26:37Z nginx_latest osv run22 15954ms 60.0MB
2026-04-25T16:26:38Z nginx_latest trivy run23 425ms 60.0MB
2026-04-25T16:26:52Z nginx_latest grype run23 13996ms 60.0MB
2026-04-25T16:27:10Z nginx_latest osv run23 17759ms 60.0MB
2026-04-25T16:27:10Z nginx_latest trivy run24 597ms 60.0MB
2026-04-25T16:27:27Z nginx_latest grype run24 17002ms 60.0MB
2026-04-25T16:27:43Z nginx_latest osv run24 16195ms 60.0MB
2026-04-25T16:27:44Z nginx_latest trivy run25 411ms 60.0MB
2026-04-25T16:27:57Z nginx_latest grype run25 13322ms 60.0MB
2026-04-25T16:28:16Z nginx_latest osv run25 18911ms 60.0MB
2026-04-25T16:28:17Z nginx_latest trivy run26 423ms 60.0MB
2026-04-25T16:28:30Z nginx_latest grype run26 13986ms 60.0MB
2026-04-25T16:28:48Z nginx_latest osv run26 17617ms 60.0MB
2026-04-25T16:28:48Z nginx_latest trivy run27 369ms 60.0MB
2026-04-25T16:29:02Z nginx_latest grype run27 13448ms 60.0MB
2026-04-25T16:29:23Z nginx_latest osv run27 21492ms 60.0MB
2026-04-25T16:29:24Z nginx_latest trivy run28 364ms 60.0MB
2026-04-25T16:29:37Z nginx_latest grype run28 13255ms 60.0MB
2026-04-25T16:29:55Z nginx_latest osv run28 18309ms 60.0MB
2026-04-25T16:29:56Z nginx_latest trivy run29 354ms 60.0MB
2026-04-25T16:30:11Z nginx_latest grype run29 15187ms 60.0MB
2026-04-25T16:30:31Z nginx_latest osv run29 19601ms 60.0MB
2026-04-25T16:30:31Z nginx_latest trivy run30 289ms 60.0MB
2026-04-25T16:30:44Z nginx_latest grype run30 13270ms 60.0MB
2026-04-25T16:31:01Z nginx_latest osv run30 17090ms 60.0MB
2026-04-25T16:31:38Z node_14 trivy run1 36140ms 333.3MB
2026-04-25T16:33:05Z node_14 grype run1 87228ms 333.3MB
2026-04-25T16:34:30Z node_14 osv run1 84950ms 333.3MB
2026-04-25T16:34:33Z node_14 trivy run2 2928ms 333.3MB
2026-04-25T16:35:55Z node_14 grype run2 81765ms 333.3MB
2026-04-25T16:37:24Z node_14 osv run2 89373ms 333.3MB
2026-04-25T16:37:29Z node_14 trivy run3 4615ms 333.3MB
2026-04-25T16:38:51Z node_14 grype run3 82620ms 333.3MB
2026-04-25T16:40:07Z node_14 osv run3 75185ms 333.3MB
2026-04-25T16:40:10Z node_14 trivy run4 3562ms 333.3MB
2026-04-25T16:41:44Z node_14 grype run4 93279ms 333.3MB
2026-04-25T16:42:59Z node_14 osv run4 75046ms 333.3MB
2026-04-25T16:43:02Z node_14 trivy run5 3769ms 333.3MB
2026-04-25T16:44:34Z node_14 grype run5 91411ms 333.3MB
2026-04-25T16:45:49Z node_14 osv run5 75189ms 333.3MB
2026-04-25T16:45:51Z node_14 trivy run6 2488ms 333.3MB
2026-04-25T16:47:15Z node_14 grype run6 83612ms 333.3MB
2026-04-25T16:48:33Z node_14 osv run6 77693ms 333.3MB
2026-04-25T16:48:37Z node_14 trivy run7 3876ms 333.3MB
2026-04-25T16:49:57Z node_14 grype run7 80121ms 333.3MB
2026-04-25T16:51:19Z node_14 osv run7 81822ms 333.3MB
2026-04-25T16:51:22Z node_14 trivy run8 3326ms 333.3MB
2026-04-25T16:52:42Z node_14 grype run8 80210ms 333.3MB
2026-04-25T16:53:57Z node_14 osv run8 74722ms 333.3MB
2026-04-25T16:54:01Z node_14 trivy run9 4081ms 333.3MB
2026-04-25T16:55:27Z node_14 grype run9 86391ms 333.3MB
2026-04-25T16:56:43Z node_14 osv run9 76014ms 333.3MB
2026-04-25T16:56:47Z node_14 trivy run10 3737ms 333.3MB
2026-04-25T16:58:07Z node_14 grype run10 79651ms 333.3MB
2026-04-25T16:59:27Z node_14 osv run10 80177ms 333.3MB
2026-04-25T16:59:31Z node_14 trivy run11 3951ms 333.3MB
2026-04-25T17:00:58Z node_14 grype run11 87065ms 333.3MB
2026-04-25T17:02:18Z node_14 osv run11 79454ms 333.3MB
2026-04-25T17:02:21Z node_14 trivy run12 3576ms 333.3MB
2026-04-25T17:03:40Z node_14 grype run12 79250ms 333.3MB
2026-04-25T17:04:56Z node_14 osv run12 75728ms 333.3MB
2026-04-25T17:04:58Z node_14 trivy run13 2310ms 333.3MB
2026-04-25T17:06:26Z node_14 grype run13 87495ms 333.3MB
2026-04-25T17:07:41Z node_14 osv run13 74599ms 333.3MB
2026-04-25T17:07:44Z node_14 trivy run14 3185ms 333.3MB
2026-04-25T17:09:06Z node_14 grype run14 82404ms 333.3MB
2026-04-25T17:10:28Z node_14 osv run14 81398ms 333.3MB
2026-04-25T17:10:30Z node_14 trivy run15 2858ms 333.3MB
2026-04-25T17:11:50Z node_14 grype run15 79375ms 333.3MB
2026-04-25T17:13:07Z node_14 osv run15 77314ms 333.3MB
2026-04-25T17:13:12Z node_14 trivy run16 4525ms 333.3MB
2026-04-25T17:14:36Z node_14 grype run16 84219ms 333.3MB
2026-04-25T17:15:50Z node_14 osv run16 74217ms 333.3MB
2026-04-25T17:15:54Z node_14 trivy run17 3738ms 333.3MB
2026-04-25T17:17:18Z node_14 grype run17 83869ms 333.3MB
2026-04-25T17:18:32Z node_14 osv run17 74392ms 333.3MB
2026-04-25T17:18:37Z node_14 trivy run18 4574ms 333.3MB
2026-04-25T17:19:56Z node_14 grype run18 79024ms 333.3MB
2026-04-25T17:21:17Z node_14 osv run18 81492ms 333.3MB
2026-04-25T17:21:20Z node_14 trivy run19 3150ms 333.3MB
2026-04-25T17:22:41Z node_14 grype run19 80797ms 333.3MB
2026-04-25T17:23:55Z node_14 osv run19 73557ms 333.3MB
2026-04-25T17:23:59Z node_14 trivy run20 3699ms 333.3MB
2026-04-25T17:25:23Z node_14 grype run20 84297ms 333.3MB
2026-04-25T17:26:40Z node_14 osv run20 77312ms 333.3MB
2026-04-25T17:26:44Z node_14 trivy run21 3369ms 333.3MB
2026-04-25T17:28:00Z node_14 grype run21 76727ms 333.3MB
2026-04-25T17:29:24Z node_14 osv run21 83563ms 333.3MB
2026-04-25T17:29:26Z node_14 trivy run22 2321ms 333.3MB
2026-04-25T17:30:45Z node_14 grype run22 78829ms 333.3MB
2026-04-25T17:31:58Z node_14 osv run22 72601ms 333.3MB
2026-04-25T17:32:01Z node_14 trivy run23 3374ms 333.3MB
2026-04-25T17:33:30Z node_14 grype run23 88608ms 333.3MB
2026-04-25T17:34:43Z node_14 osv run23 73620ms 333.3MB
2026-04-25T17:34:47Z node_14 trivy run24 4035ms 333.3MB
2026-04-25T17:36:06Z node_14 grype run24 78715ms 333.3MB
2026-04-25T17:37:27Z node_14 osv run24 81052ms 333.3MB
2026-04-25T17:37:31Z node_14 trivy run25 3972ms 333.3MB
2026-04-25T17:38:51Z node_14 grype run25 80077ms 333.3MB
2026-04-25T17:40:06Z node_14 osv run25 75107ms 333.3MB
2026-04-25T17:40:10Z node_14 trivy run26 3764ms 333.3MB
2026-04-25T17:41:33Z node_14 grype run26 83361ms 333.3MB
2026-04-25T17:42:51Z node_14 osv run26 77598ms 333.3MB
2026-04-25T17:42:55Z node_14 trivy run27 3681ms 333.3MB
2026-04-25T17:44:22Z node_14 grype run27 86895ms 333.3MB
2026-04-25T17:45:38Z node_14 osv run27 76485ms 333.3MB
2026-04-25T17:45:41Z node_14 trivy run28 2618ms 333.3MB
2026-04-25T17:46:59Z node_14 grype run28 78527ms 333.3MB
2026-04-25T17:48:25Z node_14 osv run28 85523ms 333.3MB
2026-04-25T17:48:28Z node_14 trivy run29 3249ms 333.3MB
2026-04-25T17:49:52Z node_14 grype run29 83839ms 333.3MB
2026-04-25T17:51:11Z node_14 osv run29 78896ms 333.3MB
2026-04-25T17:51:15Z node_14 trivy run30 4185ms 333.3MB
2026-04-25T17:52:37Z node_14 grype run30 81466ms 333.3MB
2026-04-25T17:53:52Z node_14 osv run30 75468ms 333.3MB
2026-04-25T17:54:34Z node_20 trivy run1 41484ms 379.8MB
2026-04-25T17:56:12Z node_20 grype run1 97802ms 379.8MB
2026-04-25T17:58:37Z node_20 osv run1 144797ms 379.8MB
2026-04-25T17:58:42Z node_20 trivy run2 5234ms 379.8MB
2026-04-25T18:00:20Z node_20 grype run2 97826ms 379.8MB
2026-04-25T18:01:59Z node_20 osv run2 98963ms 379.8MB
2026-04-25T18:02:04Z node_20 trivy run3 4554ms 379.8MB
2026-04-25T18:03:47Z node_20 grype run3 102713ms 379.8MB
2026-04-25T18:05:23Z node_20 osv run3 96593ms 379.8MB
2026-04-25T18:05:28Z node_20 trivy run4 4934ms 379.8MB
2026-04-25T18:07:05Z node_20 grype run4 96819ms 379.8MB
2026-04-25T18:08:45Z node_20 osv run4 99687ms 379.8MB
2026-04-25T18:08:50Z node_20 trivy run5 5130ms 379.8MB
2026-04-25T18:10:31Z node_20 grype run5 101416ms 379.8MB
2026-04-25T18:12:04Z node_20 osv run5 92365ms 379.8MB
2026-04-25T18:12:09Z node_20 trivy run6 5496ms 379.8MB
2026-04-25T18:13:54Z node_20 grype run6 104674ms 379.8MB
2026-04-25T18:15:32Z node_20 osv run6 98234ms 379.8MB
2026-04-25T18:15:38Z node_20 trivy run7 6269ms 379.8MB
2026-04-25T18:17:10Z node_20 grype run7 92030ms 379.8MB
2026-04-25T18:18:47Z node_20 osv run7 97056ms 379.8MB
2026-04-25T18:18:52Z node_20 trivy run8 4251ms 379.8MB
2026-04-25T18:20:30Z node_20 grype run8 98256ms 379.8MB
2026-04-25T18:22:09Z node_20 osv run8 98912ms 379.8MB
2026-04-25T18:22:15Z node_20 trivy run9 6059ms 379.8MB
2026-04-25T18:23:53Z node_20 grype run9 97862ms 379.8MB
2026-04-25T18:25:31Z node_20 osv run9 98030ms 379.8MB
2026-04-25T18:25:37Z node_20 trivy run10 5548ms 379.8MB
2026-04-25T18:27:10Z node_20 grype run10 93082ms 379.8MB
2026-04-25T18:28:50Z node_20 osv run10 100615ms 379.8MB
2026-04-25T18:28:55Z node_20 trivy run11 4491ms 379.8MB
2026-04-25T18:30:44Z node_20 grype run11 108825ms 379.8MB
2026-04-25T18:32:22Z node_20 osv run11 98267ms 379.8MB
2026-04-25T18:32:27Z node_20 trivy run12 5347ms 379.8MB
2026-04-25T18:34:03Z node_20 grype run12 95891ms 379.8MB
2026-04-25T18:35:41Z node_20 osv run12 97550ms 379.8MB
2026-04-25T18:35:47Z node_20 trivy run13 5790ms 379.8MB
2026-04-25T18:37:31Z node_20 grype run13 104813ms 379.8MB
2026-04-25T18:39:02Z node_20 osv run13 90345ms 379.8MB
2026-04-25T18:39:07Z node_20 trivy run14 5465ms 379.8MB
2026-04-25T18:40:49Z node_20 grype run14 102200ms 379.8MB
2026-04-25T18:42:26Z node_20 osv run14 96912ms 379.8MB
2026-04-25T18:42:32Z node_20 trivy run15 5298ms 379.8MB
2026-04-25T18:44:10Z node_20 grype run15 98495ms 379.8MB
2026-04-25T18:45:52Z node_20 osv run15 101445ms 379.8MB
2026-04-25T18:45:57Z node_20 trivy run16 5411ms 379.8MB
2026-04-25T18:47:38Z node_20 grype run16 100529ms 379.8MB
2026-04-25T18:49:15Z node_20 osv run16 97696ms 379.8MB
2026-04-25T18:49:20Z node_20 trivy run17 4573ms 379.8MB
2026-04-25T18:50:55Z node_20 grype run17 94799ms 379.8MB
2026-04-25T18:52:32Z node_20 osv run17 97187ms 379.8MB
2026-04-25T18:52:37Z node_20 trivy run18 5251ms 379.8MB
2026-04-25T18:54:16Z node_20 grype run18 98213ms 379.8MB
2026-04-25T18:55:55Z node_20 osv run18 98909ms 379.8MB
2026-04-25T18:56:00Z node_20 trivy run19 5335ms 379.8MB
2026-04-25T18:57:38Z node_20 grype run19 97798ms 379.8MB
2026-04-25T18:59:12Z node_20 osv run19 94794ms 379.8MB
2026-04-25T18:59:17Z node_20 trivy run20 4897ms 379.8MB
2026-04-25T19:00:51Z node_20 grype run20 94016ms 379.8MB
2026-04-25T19:02:27Z node_20 osv run20 95455ms 379.8MB
2026-04-25T19:02:33Z node_20 trivy run21 5679ms 379.8MB
2026-04-25T19:04:17Z node_20 grype run21 104646ms 379.8MB
2026-04-25T19:05:53Z node_20 osv run21 95266ms 379.8MB
2026-04-25T19:05:58Z node_20 trivy run22 5478ms 379.8MB
2026-04-25T19:07:38Z node_20 grype run22 99793ms 379.8MB
2026-04-25T19:09:20Z node_20 osv run22 101875ms 379.8MB
2026-04-25T19:09:24Z node_20 trivy run23 4387ms 379.8MB
2026-04-25T19:11:10Z node_20 grype run23 105807ms 379.8MB
2026-04-25T19:12:47Z node_20 osv run23 96657ms 379.8MB
2026-04-25T19:12:52Z node_20 trivy run24 5136ms 379.8MB
2026-04-25T19:14:30Z node_20 grype run24 98250ms 379.8MB
2026-04-25T19:16:11Z node_20 osv run24 101079ms 379.8MB
2026-04-25T19:16:17Z node_20 trivy run25 5971ms 379.8MB
2026-04-25T19:17:53Z node_20 grype run25 95266ms 379.8MB
2026-04-25T19:19:28Z node_20 osv run25 95754ms 379.8MB
2026-04-25T19:19:33Z node_20 trivy run26 4871ms 379.8MB
2026-04-25T19:21:05Z node_20 grype run26 92136ms 379.8MB
2026-04-25T19:22:46Z node_20 osv run26 100531ms 379.8MB
2026-04-25T19:22:50Z node_20 trivy run27 3967ms 379.8MB
2026-04-25T19:24:24Z node_20 grype run27 94533ms 379.8MB
2026-04-25T19:26:05Z node_20 osv run27 100461ms 379.8MB
2026-04-25T19:26:16Z node_20 trivy run28 10774ms 379.8MB
2026-04-25T19:27:53Z node_20 grype run28 97534ms 379.8MB
2026-04-25T19:29:30Z node_20 osv run28 97178ms 379.8MB
2026-04-25T19:29:35Z node_20 trivy run29 4467ms 379.8MB
2026-04-25T19:31:12Z node_20 grype run29 97128ms 379.8MB
2026-04-25T19:32:51Z node_20 osv run29 99437ms 379.8MB
2026-04-25T19:32:57Z node_20 trivy run30 5163ms 379.8MB
2026-04-25T19:34:42Z node_20 grype run30 105476ms 379.8MB
2026-04-25T19:36:27Z node_20 osv run30 104715ms 379.8MB
2026-04-25T19:37:12Z python_3.8 trivy run1 44240ms 356.2MB
2026-04-25T19:38:49Z python_3.8 grype run1 97272ms 356.2MB
2026-04-25T19:40:32Z python_3.8 osv run1 102719ms 356.2MB
2026-04-25T19:40:40Z python_3.8 trivy run2 7690ms 356.2MB
2026-04-25T19:42:21Z python_3.8 grype run2 101329ms 356.2MB
2026-04-25T19:43:55Z python_3.8 osv run2 94372ms 356.2MB
2026-04-25T19:44:02Z python_3.8 trivy run3 6920ms 356.2MB
2026-04-25T19:45:41Z python_3.8 grype run3 98846ms 356.2MB
2026-04-25T19:47:22Z python_3.8 osv run3 100792ms 356.2MB
2026-04-25T19:47:30Z python_3.8 trivy run4 7523ms 356.2MB
2026-04-25T19:48:57Z python_3.8 grype run4 87079ms 356.2MB
2026-04-25T19:50:33Z python_3.8 osv run4 96252ms 356.2MB
2026-04-25T19:50:39Z python_3.8 trivy run5 6442ms 356.2MB
2026-04-25T19:52:13Z python_3.8 grype run5 93921ms 356.2MB
2026-04-25T19:53:46Z python_3.8 osv run5 92287ms 356.2MB
2026-04-25T19:53:52Z python_3.8 trivy run6 6233ms 356.2MB
2026-04-25T19:55:27Z python_3.8 grype run6 95089ms 356.2MB
2026-04-25T19:57:00Z python_3.8 osv run6 93437ms 356.2MB
2026-04-25T19:57:09Z python_3.8 trivy run7 8209ms 356.2MB
2026-04-25T19:58:53Z python_3.8 grype run7 104405ms 356.2MB
2026-04-25T20:00:37Z python_3.8 osv run7 103914ms 356.2MB
2026-04-25T20:00:52Z python_3.8 trivy run8 14651ms 356.2MB
2026-04-25T20:02:34Z python_3.8 grype run8 102525ms 356.2MB
2026-04-25T20:04:17Z python_3.8 osv run8 102957ms 356.2MB
2026-04-25T20:04:25Z python_3.8 trivy run9 7514ms 356.2MB
2026-04-25T20:05:56Z python_3.8 grype run9 91315ms 356.2MB
2026-04-25T20:07:34Z python_3.8 osv run9 97510ms 356.2MB
2026-04-25T20:07:39Z python_3.8 trivy run10 5716ms 356.2MB
2026-04-25T20:09:08Z python_3.8 grype run10 88825ms 356.2MB
2026-04-25T20:10:43Z python_3.8 osv run10 94663ms 356.2MB
2026-04-25T20:10:49Z python_3.8 trivy run11 6151ms 356.2MB
2026-04-25T20:12:30Z python_3.8 grype run11 100510ms 356.2MB
2026-04-25T20:14:02Z python_3.8 osv run11 92206ms 356.2MB
2026-04-25T20:14:10Z python_3.8 trivy run12 8480ms 356.2MB
2026-04-25T20:15:45Z python_3.8 grype run12 94305ms 356.2MB
2026-04-25T20:17:19Z python_3.8 osv run12 94804ms 356.2MB
2026-04-25T20:17:27Z python_3.8 trivy run13 7912ms 356.2MB
2026-04-25T20:18:59Z python_3.8 grype run13 91729ms 356.2MB
2026-04-25T20:20:43Z python_3.8 osv run13 103968ms 356.2MB
2026-04-25T20:20:49Z python_3.8 trivy run14 5570ms 356.2MB
2026-04-25T20:22:27Z python_3.8 grype run14 97912ms 356.2MB
2026-04-25T20:24:15Z python_3.8 osv run14 108239ms 356.2MB
2026-04-25T20:24:23Z python_3.8 trivy run15 8376ms 356.2MB
2026-04-25T20:25:59Z python_3.8 grype run15 96076ms 356.2MB
2026-04-25T20:27:39Z python_3.8 osv run15 99457ms 356.2MB
2026-04-25T20:27:45Z python_3.8 trivy run16 5714ms 356.2MB
2026-04-25T20:29:25Z python_3.8 grype run16 100287ms 356.2MB
2026-04-25T20:30:54Z python_3.8 osv run16 89265ms 356.2MB
2026-04-25T20:31:01Z python_3.8 trivy run17 6671ms 356.2MB
2026-04-25T20:32:41Z python_3.8 grype run17 99792ms 356.2MB
2026-04-25T20:34:16Z python_3.8 osv run17 95271ms 356.2MB
2026-04-25T20:34:24Z python_3.8 trivy run18 7704ms 356.2MB
2026-04-25T20:35:59Z python_3.8 grype run18 95710ms 356.2MB
2026-04-25T20:37:36Z python_3.8 osv run18 96535ms 356.2MB
2026-04-25T20:37:43Z python_3.8 trivy run19 7352ms 356.2MB
2026-04-25T20:39:16Z python_3.8 grype run19 92659ms 356.2MB
2026-04-25T20:41:01Z python_3.8 osv run19 104857ms 356.2MB
2026-04-25T20:41:12Z python_3.8 trivy run20 11487ms 356.2MB
2026-04-25T20:42:42Z python_3.8 grype run20 90130ms 356.2MB
2026-04-25T20:44:11Z python_3.8 osv run20 88672ms 356.2MB
2026-04-25T20:44:19Z python_3.8 trivy run21 7711ms 356.2MB
2026-04-25T20:45:48Z python_3.8 grype run21 89584ms 356.2MB
2026-04-25T20:47:22Z python_3.8 osv run21 93324ms 356.2MB
2026-04-25T20:47:30Z python_3.8 trivy run22 7717ms 356.2MB
2026-04-25T20:49:01Z python_3.8 grype run22 91314ms 356.2MB
2026-04-25T20:50:39Z python_3.8 osv run22 97972ms 356.2MB
2026-04-25T20:50:46Z python_3.8 trivy run23 7046ms 356.2MB
2026-04-25T20:52:19Z python_3.8 grype run23 92573ms 356.2MB
2026-04-25T20:53:48Z python_3.8 osv run23 89869ms 356.2MB
2026-04-25T20:53:55Z python_3.8 trivy run24 6934ms 356.2MB
2026-04-25T20:55:28Z python_3.8 grype run24 92486ms 356.2MB
2026-04-25T20:56:57Z python_3.8 osv run24 88879ms 356.2MB
2026-04-25T20:57:03Z python_3.8 trivy run25 6217ms 356.2MB
2026-04-25T20:58:33Z python_3.8 grype run25 90162ms 356.2MB
2026-04-25T21:00:05Z python_3.8 osv run25 92036ms 356.2MB
2026-04-25T21:00:13Z python_3.8 trivy run26 7884ms 356.2MB
2026-04-25T21:01:45Z python_3.8 grype run26 91337ms 356.2MB
2026-04-25T21:03:18Z python_3.8 osv run26 93583ms 356.2MB
2026-04-25T21:03:24Z python_3.8 trivy run27 6327ms 356.2MB
2026-04-25T21:04:49Z python_3.8 grype run27 84451ms 356.2MB
2026-04-25T21:06:24Z python_3.8 osv run27 95301ms 356.2MB
2026-04-25T21:06:30Z python_3.8 trivy run28 6017ms 356.2MB
2026-04-25T21:07:55Z python_3.8 grype run28 84951ms 356.2MB
2026-04-25T21:09:29Z python_3.8 osv run28 94248ms 356.2MB
2026-04-25T21:09:35Z python_3.8 trivy run29 5744ms 356.2MB
2026-04-25T21:10:59Z python_3.8 grype run29 83400ms 356.2MB
2026-04-25T21:12:44Z python_3.8 osv run29 105027ms 356.2MB
2026-04-25T21:12:50Z python_3.8 trivy run30 6461ms 356.2MB
2026-04-25T21:14:23Z python_3.8 grype run30 92392ms 356.2MB
2026-04-25T21:15:51Z python_3.8 osv run30 88212ms 356.2MB
2026-04-25T21:16:35Z python_3.12 trivy run1 43455ms 391.5MB
2026-04-25T21:18:12Z python_3.12 grype run1 96636ms 391.5MB
2026-04-25T21:20:38Z python_3.12 osv run1 146395ms 391.5MB
2026-04-25T21:20:42Z python_3.12 trivy run2 3494ms 391.5MB
2026-04-25T21:22:13Z python_3.12 grype run2 91109ms 391.5MB
2026-04-25T21:23:49Z python_3.12 osv run2 96457ms 391.5MB
2026-04-25T21:23:53Z python_3.12 trivy run3 3575ms 391.5MB
2026-04-25T21:25:27Z python_3.12 grype run3 94804ms 391.5MB
2026-04-25T21:27:01Z python_3.12 osv run3 93955ms 391.5MB
2026-04-25T21:27:06Z python_3.12 trivy run4 4272ms 391.5MB
2026-04-25T21:28:39Z python_3.12 grype run4 92945ms 391.5MB
2026-04-25T21:30:14Z python_3.12 osv run4 95208ms 391.5MB
2026-04-25T21:30:18Z python_3.12 trivy run5 3783ms 391.5MB
2026-04-25T21:31:44Z python_3.12 grype run5 86630ms 391.5MB
2026-04-25T21:33:27Z python_3.12 osv run5 102172ms 391.5MB
2026-04-25T21:33:29Z python_3.12 trivy run6 2784ms 391.5MB
2026-04-25T21:34:55Z python_3.12 grype run6 85480ms 391.5MB
2026-04-25T21:36:36Z python_3.12 osv run6 101466ms 391.5MB
2026-04-25T21:36:40Z python_3.12 trivy run7 3581ms 391.5MB
2026-04-25T21:38:19Z python_3.12 grype run7 99407ms 391.5MB
2026-04-25T21:39:54Z python_3.12 osv run7 94953ms 391.5MB
2026-04-25T21:39:58Z python_3.12 trivy run8 3835ms 391.5MB
2026-04-25T21:41:33Z python_3.12 grype run8 95218ms 391.5MB
2026-04-25T21:43:14Z python_3.12 osv run8 100638ms 391.5MB
2026-04-25T21:43:17Z python_3.12 trivy run9 3404ms 391.5MB
2026-04-25T21:44:43Z python_3.12 grype run9 85620ms 391.5MB
2026-04-25T21:46:28Z python_3.12 osv run9 104663ms 391.5MB
2026-04-25T21:46:31Z python_3.12 trivy run10 3447ms 391.5MB
2026-04-25T21:48:12Z python_3.12 grype run10 100493ms 391.5MB
2026-04-25T21:50:06Z python_3.12 osv run10 113999ms 391.5MB
2026-04-25T21:50:10Z python_3.12 trivy run11 4369ms 391.5MB
2026-04-25T21:51:51Z python_3.12 grype run11 100924ms 391.5MB
2026-04-25T21:53:34Z python_3.12 osv run11 103198ms 391.5MB
2026-04-25T21:53:38Z python_3.12 trivy run12 3956ms 391.5MB
2026-04-25T21:55:03Z python_3.12 grype run12 85045ms 391.5MB
2026-04-25T21:56:47Z python_3.12 osv run12 103881ms 391.5MB
2026-04-25T21:56:50Z python_3.12 trivy run13 3153ms 391.5MB
2026-04-25T21:58:26Z python_3.12 grype run13 95400ms 391.5MB
2026-04-25T22:00:01Z python_3.12 osv run13 95071ms 391.5MB
2026-04-25T22:00:04Z python_3.12 trivy run14 3076ms 391.5MB
2026-04-25T22:01:42Z python_3.12 grype run14 98176ms 391.5MB
2026-04-25T22:03:21Z python_3.12 osv run14 99001ms 391.5MB
2026-04-25T22:03:24Z python_3.12 trivy run15 3055ms 391.5MB
2026-04-25T22:04:52Z python_3.12 grype run15 87833ms 391.5MB
2026-04-25T22:06:36Z python_3.12 osv run15 103759ms 391.5MB
2026-04-25T22:06:39Z python_3.12 trivy run16 3202ms 391.5MB
2026-04-25T22:08:04Z python_3.12 grype run16 84861ms 391.5MB
2026-04-25T22:09:45Z python_3.12 osv run16 101209ms 391.5MB
2026-04-25T22:09:49Z python_3.12 trivy run17 3683ms 391.5MB
2026-04-25T22:11:25Z python_3.12 grype run17 95902ms 391.5MB
2026-04-25T22:13:02Z python_3.12 osv run17 97329ms 391.5MB
2026-04-25T22:13:05Z python_3.12 trivy run18 3305ms 391.5MB
2026-04-25T22:14:43Z python_3.12 grype run18 97267ms 391.5MB
2026-04-25T22:16:23Z python_3.12 osv run18 99993ms 391.5MB
2026-04-25T22:16:26Z python_3.12 trivy run19 2859ms 391.5MB
2026-04-25T22:17:51Z python_3.12 grype run19 85697ms 391.5MB
2026-04-25T22:19:31Z python_3.12 osv run19 99935ms 391.5MB
2026-04-25T22:19:35Z python_3.12 trivy run20 3863ms 391.5MB
2026-04-25T22:21:12Z python_3.12 grype run20 96865ms 391.5MB
2026-04-25T22:22:53Z python_3.12 osv run20 100690ms 391.5MB
2026-04-25T22:22:57Z python_3.12 trivy run21 3676ms 391.5MB
2026-04-25T22:24:35Z python_3.12 grype run21 98451ms 391.5MB
2026-04-25T22:26:16Z python_3.12 osv run21 101137ms 391.5MB
2026-04-25T22:26:19Z python_3.12 trivy run22 3263ms 391.5MB
2026-04-25T22:27:46Z python_3.12 grype run22 86566ms 391.5MB
2026-04-25T22:29:27Z python_3.12 osv run22 101127ms 391.5MB
2026-04-25T22:29:30Z python_3.12 trivy run23 2793ms 391.5MB
2026-04-25T22:31:01Z python_3.12 grype run23 91074ms 391.5MB
2026-04-25T22:32:45Z python_3.12 osv run23 103775ms 391.5MB
2026-04-25T22:32:48Z python_3.12 trivy run24 2983ms 391.5MB
2026-04-25T22:34:17Z python_3.12 grype run24 88983ms 391.5MB
2026-04-25T22:35:53Z python_3.12 osv run24 96162ms 391.5MB
2026-04-25T22:35:57Z python_3.12 trivy run25 3635ms 391.5MB
2026-04-25T22:37:33Z python_3.12 grype run25 96573ms 391.5MB
2026-04-25T22:39:10Z python_3.12 osv run25 96741ms 391.5MB
2026-04-25T22:39:14Z python_3.12 trivy run26 4043ms 391.5MB
2026-04-25T22:40:42Z python_3.12 grype run26 87458ms 391.5MB
2026-04-25T22:42:23Z python_3.12 osv run26 101667ms 391.5MB
2026-04-25T22:42:27Z python_3.12 trivy run27 3506ms 391.5MB
2026-04-25T22:43:55Z python_3.12 grype run27 88125ms 391.5MB
2026-04-25T22:45:38Z python_3.12 osv run27 102878ms 391.5MB
2026-04-25T22:45:41Z python_3.12 trivy run28 2847ms 391.5MB
2026-04-25T22:47:14Z python_3.12 grype run28 93129ms 391.5MB
2026-04-25T22:48:52Z python_3.12 osv run28 98023ms 391.5MB
2026-04-25T22:48:56Z python_3.12 trivy run29 3864ms 391.5MB
2026-04-25T22:50:33Z python_3.12 grype run29 97757ms 391.5MB
2026-04-25T22:52:12Z python_3.12 osv run29 98054ms 391.5MB
2026-04-25T22:52:15Z python_3.12 trivy run30 3668ms 391.5MB
2026-04-25T22:53:44Z python_3.12 grype run30 88400ms 391.5MB
2026-04-25T22:55:26Z python_3.12 osv run30 102359ms 391.5MB
2026-04-25T22:55:43Z vulnerables_web-dvwa trivy run1 16487ms 170.1MB
2026-04-25T22:56:29Z vulnerables_web-dvwa grype run1 45808ms 170.1MB
2026-04-25T22:57:17Z vulnerables_web-dvwa osv run1 48090ms 170.1MB
2026-04-25T22:57:19Z vulnerables_web-dvwa trivy run2 1782ms 170.1MB
2026-04-25T22:58:04Z vulnerables_web-dvwa grype run2 45041ms 170.1MB
2026-04-25T22:58:51Z vulnerables_web-dvwa osv run2 47176ms 170.1MB
2026-04-25T22:58:53Z vulnerables_web-dvwa trivy run3 1490ms 170.1MB
2026-04-25T22:59:35Z vulnerables_web-dvwa grype run3 42589ms 170.1MB
2026-04-25T23:00:22Z vulnerables_web-dvwa osv run3 47042ms 170.1MB
2026-04-25T23:00:25Z vulnerables_web-dvwa trivy run4 2525ms 170.1MB
2026-04-25T23:01:11Z vulnerables_web-dvwa grype run4 45790ms 170.1MB
2026-04-25T23:01:57Z vulnerables_web-dvwa osv run4 46119ms 170.1MB
2026-04-25T23:01:58Z vulnerables_web-dvwa trivy run5 1312ms 170.1MB
2026-04-25T23:02:42Z vulnerables_web-dvwa grype run5 44283ms 170.1MB
2026-04-25T23:03:28Z vulnerables_web-dvwa osv run5 45898ms 170.1MB
2026-04-25T23:03:30Z vulnerables_web-dvwa trivy run6 1286ms 170.1MB
2026-04-25T23:04:13Z vulnerables_web-dvwa grype run6 42973ms 170.1MB
2026-04-25T23:05:00Z vulnerables_web-dvwa osv run6 47419ms 170.1MB
2026-04-25T23:05:02Z vulnerables_web-dvwa trivy run7 1647ms 170.1MB
2026-04-25T23:05:45Z vulnerables_web-dvwa grype run7 43515ms 170.1MB
2026-04-25T23:06:32Z vulnerables_web-dvwa osv run7 46796ms 170.1MB
2026-04-25T23:06:34Z vulnerables_web-dvwa trivy run8 1902ms 170.1MB
2026-04-25T23:07:18Z vulnerables_web-dvwa grype run8 44287ms 170.1MB
2026-04-25T23:08:01Z vulnerables_web-dvwa osv run8 43167ms 170.1MB
2026-04-25T23:08:04Z vulnerables_web-dvwa trivy run9 2988ms 170.1MB
2026-04-25T23:08:50Z vulnerables_web-dvwa grype run9 45946ms 170.1MB
2026-04-25T23:09:33Z vulnerables_web-dvwa osv run9 43075ms 170.1MB
2026-04-25T23:09:34Z vulnerables_web-dvwa trivy run10 503ms 170.1MB
2026-04-25T23:10:20Z vulnerables_web-dvwa grype run10 46553ms 170.1MB
2026-04-25T23:11:04Z vulnerables_web-dvwa osv run10 43983ms 170.1MB
2026-04-25T23:11:06Z vulnerables_web-dvwa trivy run11 1988ms 170.1MB
2026-04-25T23:11:51Z vulnerables_web-dvwa grype run11 44175ms 170.1MB
2026-04-25T23:12:37Z vulnerables_web-dvwa osv run11 46087ms 170.1MB
2026-04-25T23:12:37Z vulnerables_web-dvwa trivy run12 469ms 170.1MB
2026-04-25T23:13:22Z vulnerables_web-dvwa grype run12 44801ms 170.1MB
2026-04-25T23:14:04Z vulnerables_web-dvwa osv run12 42342ms 170.1MB
2026-04-25T23:14:07Z vulnerables_web-dvwa trivy run13 2419ms 170.1MB
2026-04-25T23:14:53Z vulnerables_web-dvwa grype run13 46160ms 170.1MB
2026-04-25T23:15:38Z vulnerables_web-dvwa osv run13 45337ms 170.1MB
2026-04-25T23:15:39Z vulnerables_web-dvwa trivy run14 491ms 170.1MB
2026-04-25T23:16:26Z vulnerables_web-dvwa grype run14 47164ms 170.1MB
2026-04-25T23:17:10Z vulnerables_web-dvwa osv run14 44302ms 170.1MB
2026-04-25T23:17:13Z vulnerables_web-dvwa trivy run15 2539ms 170.1MB
2026-04-25T23:17:54Z vulnerables_web-dvwa grype run15 41146ms 170.1MB
2026-04-25T23:18:39Z vulnerables_web-dvwa osv run15 45177ms 170.1MB
2026-04-25T23:18:40Z vulnerables_web-dvwa trivy run16 1201ms 170.1MB
2026-04-25T23:19:26Z vulnerables_web-dvwa grype run16 45961ms 170.1MB
2026-04-25T23:20:10Z vulnerables_web-dvwa osv run16 43769ms 170.1MB
2026-04-25T23:20:12Z vulnerables_web-dvwa trivy run17 2052ms 170.1MB
2026-04-25T23:20:58Z vulnerables_web-dvwa grype run17 45601ms 170.1MB
2026-04-25T23:21:44Z vulnerables_web-dvwa osv run17 46410ms 170.1MB
2026-04-25T23:21:45Z vulnerables_web-dvwa trivy run18 815ms 170.1MB
2026-04-25T23:22:30Z vulnerables_web-dvwa grype run18 45514ms 170.1MB
2026-04-25T23:23:15Z vulnerables_web-dvwa osv run18 44124ms 170.1MB
2026-04-25T23:23:16Z vulnerables_web-dvwa trivy run19 1854ms 170.1MB
2026-04-25T23:23:56Z vulnerables_web-dvwa grype run19 39702ms 170.1MB
2026-04-25T23:24:42Z vulnerables_web-dvwa osv run19 45754ms 170.1MB
2026-04-25T23:24:43Z vulnerables_web-dvwa trivy run20 1196ms 170.1MB
2026-04-25T23:25:29Z vulnerables_web-dvwa grype run20 46250ms 170.1MB
2026-04-25T23:26:14Z vulnerables_web-dvwa osv run20 44616ms 170.1MB
2026-04-25T23:26:15Z vulnerables_web-dvwa trivy run21 1092ms 170.1MB
2026-04-25T23:26:57Z vulnerables_web-dvwa grype run21 42146ms 170.1MB
2026-04-25T23:27:42Z vulnerables_web-dvwa osv run21 45211ms 170.1MB
2026-04-25T23:27:44Z vulnerables_web-dvwa trivy run22 1139ms 170.1MB
2026-04-25T23:28:30Z vulnerables_web-dvwa grype run22 46742ms 170.1MB
2026-04-25T23:29:17Z vulnerables_web-dvwa osv run22 46262ms 170.1MB
2026-04-25T23:29:20Z vulnerables_web-dvwa trivy run23 3803ms 170.1MB
2026-04-25T23:29:59Z vulnerables_web-dvwa grype run23 38787ms 170.1MB
2026-04-25T23:30:47Z vulnerables_web-dvwa osv run23 47610ms 170.1MB
2026-04-25T23:30:48Z vulnerables_web-dvwa trivy run24 821ms 170.1MB
2026-04-25T23:31:32Z vulnerables_web-dvwa grype run24 43967ms 170.1MB
2026-04-25T23:32:18Z vulnerables_web-dvwa osv run24 46012ms 170.1MB
2026-04-25T23:32:19Z vulnerables_web-dvwa trivy run25 1799ms 170.1MB
2026-04-25T23:33:00Z vulnerables_web-dvwa grype run25 40471ms 170.1MB
2026-04-25T23:33:46Z vulnerables_web-dvwa osv run25 45944ms 170.1MB
2026-04-25T23:33:47Z vulnerables_web-dvwa trivy run26 1229ms 170.1MB
2026-04-25T23:34:32Z vulnerables_web-dvwa grype run26 45171ms 170.1MB
2026-04-25T23:35:19Z vulnerables_web-dvwa osv run26 46294ms 170.1MB
2026-04-25T23:35:21Z vulnerables_web-dvwa trivy run27 2476ms 170.1MB
2026-04-25T23:36:00Z vulnerables_web-dvwa grype run27 39410ms 170.1MB
2026-04-25T23:36:48Z vulnerables_web-dvwa osv run27 47537ms 170.1MB
2026-04-25T23:36:49Z vulnerables_web-dvwa trivy run28 481ms 170.1MB
2026-04-25T23:37:33Z vulnerables_web-dvwa grype run28 44501ms 170.1MB
2026-04-25T23:38:20Z vulnerables_web-dvwa osv run28 46502ms 170.1MB
2026-04-25T23:38:22Z vulnerables_web-dvwa trivy run29 2019ms 170.1MB
2026-04-25T23:39:01Z vulnerables_web-dvwa grype run29 39402ms 170.1MB
2026-04-25T23:39:49Z vulnerables_web-dvwa osv run29 47665ms 170.1MB
2026-04-25T23:39:49Z vulnerables_web-dvwa trivy run30 504ms 170.1MB
2026-04-25T23:40:35Z vulnerables_web-dvwa grype run30 46250ms 170.1MB
2026-04-25T23:41:21Z vulnerables_web-dvwa osv run30 45737ms 170.1MB
2026-04-25T23:41:39Z bkimminich_juice-shop trivy run1 17144ms 170.8MB
2026-04-25T23:42:21Z bkimminich_juice-shop grype run1 41693ms 170.8MB
2026-04-25T23:43:29Z bkimminich_juice-shop osv run1 68381ms 170.8MB
2026-04-25T23:43:32Z bkimminich_juice-shop trivy run2 3049ms 170.8MB
2026-04-25T23:44:17Z bkimminich_juice-shop grype run2 44151ms 170.8MB
2026-04-25T23:44:59Z bkimminich_juice-shop osv run2 42000ms 170.8MB
2026-04-25T23:45:02Z bkimminich_juice-shop trivy run3 3124ms 170.8MB
2026-04-25T23:45:45Z bkimminich_juice-shop grype run3 42946ms 170.8MB
2026-04-25T23:46:31Z bkimminich_juice-shop osv run3 46134ms 170.8MB
2026-04-25T23:46:32Z bkimminich_juice-shop trivy run4 1100ms 170.8MB
2026-04-25T23:47:09Z bkimminich_juice-shop grype run4 37581ms 170.8MB
2026-04-25T23:47:56Z bkimminich_juice-shop osv run4 46673ms 170.8MB
2026-04-25T23:47:57Z bkimminich_juice-shop trivy run5 868ms 170.8MB
2026-04-25T23:48:42Z bkimminich_juice-shop grype run5 44733ms 170.8MB
2026-04-25T23:49:26Z bkimminich_juice-shop osv run5 44291ms 170.8MB
2026-04-25T23:49:27Z bkimminich_juice-shop trivy run6 1128ms 170.8MB
2026-04-25T23:50:04Z bkimminich_juice-shop grype run6 36951ms 170.8MB
2026-04-25T23:50:53Z bkimminich_juice-shop osv run6 48684ms 170.8MB
2026-04-25T23:50:54Z bkimminich_juice-shop trivy run7 1046ms 170.8MB
2026-04-25T23:51:37Z bkimminich_juice-shop grype run7 42921ms 170.8MB
2026-04-25T23:52:23Z bkimminich_juice-shop osv run7 46089ms 170.8MB
2026-04-25T23:52:25Z bkimminich_juice-shop trivy run8 1731ms 170.8MB
2026-04-25T23:53:01Z bkimminich_juice-shop grype run8 36089ms 170.8MB
2026-04-25T23:53:44Z bkimminich_juice-shop osv run8 42894ms 170.8MB
2026-04-25T23:53:44Z bkimminich_juice-shop trivy run9 497ms 170.8MB
2026-04-25T23:54:27Z bkimminich_juice-shop grype run9 42352ms 170.8MB
2026-04-25T23:55:13Z bkimminich_juice-shop osv run9 46696ms 170.8MB
2026-04-25T23:55:16Z bkimminich_juice-shop trivy run10 2308ms 170.8MB
2026-04-25T23:55:56Z bkimminich_juice-shop grype run10 40124ms 170.8MB
2026-04-25T23:56:39Z bkimminich_juice-shop osv run10 43657ms 170.8MB
2026-04-25T23:56:40Z bkimminich_juice-shop trivy run11 341ms 170.8MB
2026-04-25T23:57:21Z bkimminich_juice-shop grype run11 41488ms 170.8MB
2026-04-25T23:58:02Z bkimminich_juice-shop osv run11 40849ms 170.8MB
2026-04-25T23:58:04Z bkimminich_juice-shop trivy run12 1740ms 170.8MB
2026-04-25T23:58:46Z bkimminich_juice-shop grype run12 41998ms 170.8MB
2026-04-25T23:59:28Z bkimminich_juice-shop osv run12 42194ms 170.8MB
2026-04-25T23:59:31Z bkimminich_juice-shop trivy run13 2711ms 170.8MB
2026-04-26T00:00:14Z bkimminich_juice-shop grype run13 43035ms 170.8MB
2026-04-26T00:01:02Z bkimminich_juice-shop osv run13 48701ms 170.8MB
2026-04-26T00:01:04Z bkimminich_juice-shop trivy run14 1279ms 170.8MB
2026-04-26T00:01:47Z bkimminich_juice-shop grype run14 43243ms 170.8MB
2026-04-26T00:02:30Z bkimminich_juice-shop osv run14 42945ms 170.8MB
2026-04-26T00:02:31Z bkimminich_juice-shop trivy run15 1564ms 170.8MB
2026-04-26T00:03:13Z bkimminich_juice-shop grype run15 41954ms 170.8MB
2026-04-26T00:03:58Z bkimminich_juice-shop osv run15 44450ms 170.8MB
2026-04-26T00:03:59Z bkimminich_juice-shop trivy run16 1258ms 170.8MB
2026-04-26T00:04:39Z bkimminich_juice-shop grype run16 40216ms 170.8MB
2026-04-26T00:05:24Z bkimminich_juice-shop osv run16 44219ms 170.8MB
2026-04-26T00:05:24Z bkimminich_juice-shop trivy run17 385ms 170.8MB
2026-04-26T00:06:05Z bkimminich_juice-shop grype run17 41065ms 170.8MB
2026-04-26T00:06:52Z bkimminich_juice-shop osv run17 46647ms 170.8MB
2026-04-26T00:06:55Z bkimminich_juice-shop trivy run18 3310ms 170.8MB
2026-04-26T00:07:36Z bkimminich_juice-shop grype run18 40855ms 170.8MB
2026-04-26T00:08:20Z bkimminich_juice-shop osv run18 44291ms 170.8MB
2026-04-26T00:08:22Z bkimminich_juice-shop trivy run19 1485ms 170.8MB
2026-04-26T00:09:02Z bkimminich_juice-shop grype run19 39918ms 170.8MB
2026-04-26T00:09:49Z bkimminich_juice-shop osv run19 47539ms 170.8MB
2026-04-26T00:09:51Z bkimminich_juice-shop trivy run20 1569ms 170.8MB
2026-04-26T00:10:32Z bkimminich_juice-shop grype run20 40888ms 170.8MB
2026-04-26T00:11:16Z bkimminich_juice-shop osv run20 43927ms 170.8MB
2026-04-26T00:11:17Z bkimminich_juice-shop trivy run21 1322ms 170.8MB
2026-04-26T00:11:56Z bkimminich_juice-shop grype run21 39348ms 170.8MB
2026-04-26T00:12:43Z bkimminich_juice-shop osv run21 46559ms 170.8MB
2026-04-26T00:12:45Z bkimminich_juice-shop trivy run22 2086ms 170.8MB
2026-04-26T00:13:25Z bkimminich_juice-shop grype run22 40086ms 170.8MB
2026-04-26T00:14:06Z bkimminich_juice-shop osv run22 41372ms 170.8MB
2026-04-26T00:14:07Z bkimminich_juice-shop trivy run23 691ms 170.8MB
2026-04-26T00:14:50Z bkimminich_juice-shop grype run23 42875ms 170.8MB
2026-04-26T00:15:36Z bkimminich_juice-shop osv run23 46000ms 170.8MB
2026-04-26T00:15:37Z bkimminich_juice-shop trivy run24 1164ms 170.8MB
2026-04-26T00:16:18Z bkimminich_juice-shop grype run24 41365ms 170.8MB
2026-04-26T00:17:01Z bkimminich_juice-shop osv run24 42577ms 170.8MB
2026-04-26T00:17:02Z bkimminich_juice-shop trivy run25 1332ms 170.8MB
2026-04-26T00:17:47Z bkimminich_juice-shop grype run25 44896ms 170.8MB
2026-04-26T00:18:32Z bkimminich_juice-shop osv run25 44525ms 170.8MB
2026-04-26T00:18:33Z bkimminich_juice-shop trivy run26 1210ms 170.8MB
2026-04-26T00:19:13Z bkimminich_juice-shop grype run26 39902ms 170.8MB
2026-04-26T00:19:54Z bkimminich_juice-shop osv run26 41237ms 170.8MB
2026-04-26T00:19:56Z bkimminich_juice-shop trivy run27 1910ms 170.8MB
2026-04-26T00:20:41Z bkimminich_juice-shop grype run27 44411ms 170.8MB
2026-04-26T00:21:26Z bkimminich_juice-shop osv run27 45279ms 170.8MB
2026-04-26T00:21:28Z bkimminich_juice-shop trivy run28 1954ms 170.8MB
2026-04-26T00:22:05Z bkimminich_juice-shop grype run28 37168ms 170.8MB
2026-04-26T00:22:52Z bkimminich_juice-shop osv run28 46617ms 170.8MB
2026-04-26T00:22:53Z bkimminich_juice-shop trivy run29 1415ms 170.8MB
2026-04-26T00:23:36Z bkimminich_juice-shop grype run29 43043ms 170.8MB
2026-04-26T00:24:20Z bkimminich_juice-shop osv run29 44064ms 170.8MB
2026-04-26T00:24:26Z bkimminich_juice-shop trivy run30 5723ms 170.8MB
2026-04-26T00:25:03Z bkimminich_juice-shop grype run30 37263ms 170.8MB
2026-04-26T00:25:49Z bkimminich_juice-shop osv run30 46302ms 170.8MB
benchmark_end 2026-04-26T00:25:50Z
