2026-03-31T05:24:28Z  alpine_3.19  alpine:3.19  alpine@sha256:6baf43584bcb78f2e5847d1de515f23499913ac9f12bdf834811a3145eb11ca1
2026-03-31T05:25:16Z  nginx_latest  nginx:latest  nginx@sha256:7150b3a39203cb5bee612ff4a9d18774f8c7caf6399d6e8985e97e28eb751c18
2026-03-31T05:26:19Z  node_20  node:20  node@sha256:a4545fc6f4f1483384ad5f4c71d34d71781c3779da407173ec6058079a718520
2026-03-31T05:28:01Z  python_3.12  python:3.12  python@sha256:c4c9e439bf98d5c20453156194f937aefb4a633555d93a1960d612052c4b3436
2026-03-31T05:29:19Z  nginx_1.19  nginx:1.19  nginx@sha256:df13abe416e37eb3db4722840dd479b00ba193ac6606e7902331dcea50f4f1f2
2026-03-31T05:29:53Z  node_14  node:14  node@sha256:a158d3b9b4e3fa813fa6c8c590b8f0a860e015ad4e59bbce5744d2f6fd8461aa
2026-03-31T05:31:49Z  python_3.8  python:3.8  python@sha256:d411270700143fa2683cc8264d9fa5d3279fd3b6afff62ae81ea2f9d070e390c
2026-03-31T05:33:22Z  vulnerables_web-dvwa  vulnerables/web-dvwa  vulnerables/web-dvwa@sha256:dae203fe11646a86937bf04db0079adef295f426da68a92b40e3b181f337daa7
2026-03-31T05:34:51Z  bkimminich_juice-shop  bkimminich/juice-shop  bkimminich/juice-shop@sha256:5539448a1d3fa88d932d3f80a8d3f69a16cde6253c1d4256b28a38ef910e4114
2026-06-21T14:08:44Z  v01_log4shell  policy-gate-val/v01-log4shell:latest  sha256:58afc37413131e10e0f39852fac9eb60f9c63b33beea3cc5cf73efef582d644b
2026-06-21T14:13:14Z  v01_log4shell  policy-gate-val/v01-log4shell:latest  sha256:58afc37413131e10e0f39852fac9eb60f9c63b33beea3cc5cf73efef582d644b
2026-06-21T14:14:21Z  v03_text4shell  policy-gate-val/v03-text4shell:latest  sha256:f3a79fec7904833a726d23bca33b6015ca9ad6c557f9c257bfd8794646726664
2026-06-21T14:15:32Z  v04_spring4shell  policy-gate-val/v04-spring4shell:latest  sha256:29a05320ccf6a553cc2741f328d16a24a2b00738a927b52fb81b2d24f22b2004
2026-06-21T14:17:07Z  webgoat_webgoat  webgoat/webgoat-8.0  webgoat/webgoat-8.0@sha256:e24bcaf41034c28b6a08aba94507a169ae23f2b87899e225a3d18fe8c36d26f5
2026-06-21T14:19:26Z  citizenstig_nowasp  citizenstig/nowasp:latest  citizenstig/nowasp@sha256:8bf6f283163bbc269ccfff513e4a06776325cb4957f683df9edd4ab98c6966de
2026-06-21T14:24:02Z  golang_1.16-alpine  golang:1.16-alpine  golang@sha256:5616dca835fa90ef13a843824ba58394dad356b7d56198fb7c93cbe76d7d67fe
2026-06-21T14:25:41Z  ruby_2.5-slim  ruby:2.5-slim  ruby@sha256:adcd8b511b04fd56863443c14c66587b192efe42cf080ef97cea89471b20e9c0
2026-06-21T14:26:50Z  dotnet_runtime_3.1  mcr.microsoft.com/dotnet/runtime:3.1  mcr.microsoft.com/dotnet/runtime@sha256:96d655c489cdf341f7679510efe51a5ba4e174d74aaaf613f7578f2e25c3717d
2026-06-21T14:28:11Z  php_7.4-apache  php:7.4-apache  php@sha256:c9d7e608f73832673479770d66aacc8100011ec751d1905ff63fae3fe2e0ca6d
2026-06-21T14:31:07Z  rust_1.56-slim  rust:1.56-slim  rust@sha256:cc2b5c03d4acf19be7fa8155cae8abbc8c3aa893a5d177ceb4921a3cbbb190da
2026-06-21T14:34:54Z  node_12  node:12  node@sha256:01627afeb110b3054ba4a1405541ca095c8bfca1cb6f2be9479c767a2711879e
2026-06-21T14:40:39Z  python_2.7  python:2.7  python@sha256:cfa62318c459b1fde9e0841c619906d15ada5910d625176e24bf692cf8a2601d
2026-06-21T14:45:01Z  golang_1.23-alpine  golang:1.23-alpine  golang@sha256:383395b794dffa5b53012a212365d40c8e37109a626ca30d6151c8348d380b5f
2026-06-21T14:46:25Z  ruby_3.3-slim  ruby:3.3-slim  ruby@sha256:5340ab7cd6317c45a0a7e2818857b930ff61ee92ffd661dec72738e42dd2cddf
2026-06-21T14:47:39Z  eclipse-temurin_21-jre  eclipse-temurin:21-jre  eclipse-temurin@sha256:8ec353b20d3aab0758572236b81b967c7077c40c4d0819ce97f9a1329d684603
2026-06-21T14:49:26Z  dotnet_runtime_8.0  mcr.microsoft.com/dotnet/runtime:8.0  mcr.microsoft.com/dotnet/runtime@sha256:d73109ac31761185b1b97af576c78182af9189495c35fa451ed82994c9af23bf
2026-06-21T14:50:54Z  php_8.3-apache  php:8.3-apache  php@sha256:954d6198d9877b396382aa8a93d8be4832ab4908a7dc64f58dcc4be2833b8e29
2026-06-21T14:54:00Z  rust_1.82-slim  rust:1.82-slim  rust@sha256:1111c28d995d06a7863ba6cea3b3dcb87bebe65af8ec5517caaf2c8c26f38010
2026-06-21T14:58:37Z  node_22  node:22  node@sha256:e0d149b4727ac0c20d9774e801e423d7a946a0bffced886f42cfe9cd3c67820a
2026-06-21T15:04:03Z  python_3.13-slim  python:3.13-slim  python@sha256:c33f0bc4364a6881bed1ec0cc2665e6c53c87a43e774aaeab88e6f17af105e4f
2026-06-21T15:06:25Z  eclipse-temurin_8-jre  eclipse-temurin:8-jre  eclipse-temurin@sha256:2cf594af1a5f5ffa643554e151f0474ef7c5d083b558bed504392deddc967358
