2026-03-31T05:24:29Z  alpine_3.19  syft  1671ms
2026-03-31T05:24:29Z  alpine_3.19  trivy  55ms
2026-03-31T05:25:02Z  alpine_3.19  grype  32970ms
2026-03-31T05:25:05Z  alpine_3.19  osv  2376ms
2026-03-31T05:25:19Z  nginx_latest  syft  3075ms
2026-03-31T05:25:50Z  nginx_latest  trivy  31639ms
2026-03-31T05:25:54Z  nginx_latest  grype  3840ms
2026-03-31T05:25:59Z  nginx_latest  osv  5003ms
2026-03-31T05:26:36Z  node_20  syft  16793ms
2026-03-31T05:26:45Z  node_20  trivy  9476ms
2026-03-31T05:27:03Z  node_20  grype  17824ms
2026-03-31T05:27:24Z  node_20  osv  21142ms
2026-03-31T05:28:15Z  python_3.12  syft  14461ms
2026-03-31T05:28:25Z  python_3.12  trivy  10216ms
2026-03-31T05:28:41Z  python_3.12  grype  15652ms
2026-03-31T05:29:02Z  python_3.12  osv  21076ms
2026-03-31T05:29:22Z  nginx_1.19  syft  3317ms
2026-03-31T05:29:23Z  nginx_1.19  trivy  1253ms
2026-03-31T05:29:27Z  nginx_1.19  grype  3125ms
2026-03-31T05:29:35Z  nginx_1.19  osv  8375ms
2026-03-31T05:30:10Z  node_14  syft  16458ms
2026-03-31T05:30:18Z  node_14  trivy  8483ms
2026-03-31T05:30:35Z  node_14  grype  16882ms
2026-03-31T05:30:52Z  node_14  osv  16565ms
2026-03-31T05:32:05Z  python_3.8  syft  16572ms
2026-03-31T05:32:15Z  python_3.8  trivy  9991ms
2026-03-31T05:32:33Z  python_3.8  grype  17587ms
2026-03-31T05:33:00Z  python_3.8  osv  27032ms
2026-03-31T05:33:33Z  vulnerables_web-dvwa  syft  10979ms
2026-03-31T05:33:39Z  vulnerables_web-dvwa  trivy  6012ms
2026-03-31T05:33:51Z  vulnerables_web-dvwa  grype  11667ms
2026-03-31T05:33:51Z  vulnerables_web-dvwa  osv  29ms
2026-03-31T05:34:36Z  vulnerables_web-dvwa  osv  retry_ok
2026-03-31T05:35:02Z  bkimminich_juice-shop  syft  10492ms
2026-03-31T05:35:10Z  bkimminich_juice-shop  trivy  8015ms
2026-03-31T05:35:20Z  bkimminich_juice-shop  grype  10012ms
2026-03-31T05:35:20Z  bkimminich_juice-shop  osv  29ms
2026-06-21T14:17:42Z  webgoat_webgoat  syft  34790ms
2026-06-21T14:18:02Z  webgoat_webgoat  trivy  19753ms
2026-06-21T14:18:41Z  webgoat_webgoat  grype  39221ms
2026-06-21T14:18:41Z  webgoat_webgoat  osv  154ms
2026-06-21T14:20:18Z  citizenstig_nowasp  syft  51513ms
2026-06-21T14:20:44Z  citizenstig_nowasp  trivy  25570ms
2026-06-21T14:22:00Z  citizenstig_nowasp  grype  75956ms
2026-06-21T14:23:43Z  citizenstig_nowasp  osv  103367ms
2026-06-21T14:24:20Z  golang_1.16-alpine  syft  17668ms
2026-06-21T14:24:37Z  golang_1.16-alpine  trivy  17523ms
2026-06-21T14:25:02Z  golang_1.16-alpine  grype  24650ms
2026-06-21T14:25:30Z  golang_1.16-alpine  osv  27787ms
2026-06-21T14:25:54Z  ruby_2.5-slim  syft  13073ms
2026-06-21T14:26:04Z  ruby_2.5-slim  trivy  10439ms
2026-06-21T14:26:23Z  ruby_2.5-slim  grype  18924ms
2026-06-21T14:26:37Z  ruby_2.5-slim  osv  13982ms
2026-06-21T14:27:04Z  dotnet_runtime_3.1  syft  14103ms
2026-06-21T14:27:10Z  dotnet_runtime_3.1  trivy  6120ms
2026-06-21T14:27:28Z  dotnet_runtime_3.1  grype  18180ms
2026-06-21T14:27:48Z  dotnet_runtime_3.1  osv  19959ms
2026-06-21T14:28:48Z  php_7.4-apache  syft  36324ms
2026-06-21T14:29:12Z  php_7.4-apache  trivy  24301ms
2026-06-21T14:30:02Z  php_7.4-apache  grype  49906ms
2026-06-21T14:30:42Z  php_7.4-apache  osv  40174ms
2026-06-21T14:31:45Z  rust_1.56-slim  syft  37782ms
2026-06-21T14:32:19Z  rust_1.56-slim  trivy  33721ms
2026-06-21T14:33:15Z  rust_1.56-slim  grype  56535ms
2026-06-21T14:34:05Z  rust_1.56-slim  osv  49001ms
2026-06-21T14:36:09Z  node_12  syft  75357ms
2026-06-21T14:36:43Z  node_12  trivy  34070ms
2026-06-21T14:38:42Z  node_12  grype  118652ms
2026-06-21T14:39:55Z  node_12  osv  72990ms
2026-06-21T14:41:39Z  python_2.7  syft  59757ms
2026-06-21T14:42:13Z  python_2.7  trivy  33749ms
2026-06-21T14:43:36Z  python_2.7  grype  83028ms
2026-06-21T14:44:46Z  python_2.7  osv  70484ms
2026-06-21T14:45:18Z  golang_1.23-alpine  syft  16532ms
2026-06-21T14:45:27Z  golang_1.23-alpine  trivy  9570ms
2026-06-21T14:45:53Z  golang_1.23-alpine  grype  25388ms
2026-06-21T14:46:14Z  golang_1.23-alpine  osv  21077ms
2026-06-21T14:46:38Z  ruby_3.3-slim  syft  12941ms
2026-06-21T14:46:48Z  ruby_3.3-slim  trivy  10114ms
2026-06-21T14:47:05Z  ruby_3.3-slim  grype  16452ms
2026-06-21T14:47:20Z  ruby_3.3-slim  osv  15233ms
2026-06-21T14:48:05Z  eclipse-temurin_21-jre  syft  25232ms
2026-06-21T14:48:14Z  eclipse-temurin_21-jre  trivy  9390ms
2026-06-21T14:48:45Z  eclipse-temurin_21-jre  grype  31233ms
2026-06-21T14:49:12Z  eclipse-temurin_21-jre  osv  27036ms
2026-06-21T14:49:42Z  dotnet_runtime_8.0  syft  15485ms
2026-06-21T14:49:51Z  dotnet_runtime_8.0  trivy  9647ms
2026-06-21T14:50:11Z  dotnet_runtime_8.0  grype  19779ms
2026-06-21T14:50:30Z  dotnet_runtime_8.0  osv  19228ms
2026-06-21T14:51:28Z  php_8.3-apache  syft  33556ms
2026-06-21T14:51:48Z  php_8.3-apache  trivy  20398ms
2026-06-21T14:52:46Z  php_8.3-apache  grype  57546ms
2026-06-21T14:53:29Z  php_8.3-apache  osv  42950ms
2026-06-21T14:54:51Z  rust_1.82-slim  syft  50968ms
2026-06-21T14:55:23Z  rust_1.82-slim  trivy  31683ms
2026-06-21T14:56:24Z  rust_1.82-slim  grype  61091ms
2026-06-21T14:57:24Z  rust_1.82-slim  osv  59854ms
2026-06-21T14:59:58Z  node_22  syft  81266ms
2026-06-21T15:00:39Z  node_22  trivy  41011ms
2026-06-21T15:02:26Z  node_22  grype  106456ms
2026-06-21T15:03:56Z  node_22  osv  90710ms
2026-06-21T15:04:13Z  python_3.13-slim  syft  9752ms
2026-06-21T15:04:18Z  python_3.13-slim  trivy  5359ms
2026-06-21T15:04:33Z  python_3.13-slim  grype  15204ms
2026-06-21T15:04:46Z  python_3.13-slim  osv  12439ms
2026-06-21T15:06:44Z  eclipse-temurin_8-jre  syft  19014ms
2026-06-21T15:06:52Z  eclipse-temurin_8-jre  trivy  8581ms
2026-06-21T15:07:20Z  eclipse-temurin_8-jre  grype  27434ms
2026-06-21T15:07:43Z  eclipse-temurin_8-jre  osv  23288ms
